=== site: sockeye (sockeye) ===
=== staging ===
    sequences::orfs                  NC_010473.1.faa  (4468 records)
    ref::kofamscan_profiles          /arc/project/st-shallam-1/fabfos_refs/processed/kofam_ref/profiles
    ref::kofamscan_ko_list           /arc/project/st-shallam-1/fabfos_refs/processed/kofam_ref/ko_list.tsv
    ref::uniref50_diamond_db         /arc/project/st-shallam-1/fabfos_refs/processed/uniref50_dmnd/uniref50.dmnd
    ref::mnxr_lookup                 /arc/project/st-shallam-1/fabfos_refs/processed/mnxr_lookup/mnxr_lookup.parquet
    ref::reference_label_pool        /arc/project/st-shallam-1/fabfos_refs/processed/reference_label_pool/pool
2026-08-17_19-58-36  | [annotation::gpr_table] resolved by [...metasmith_libraries/transforms/functionalAnnotation]
2026-08-17_19-58-37  | solving plan for [1] sample as [1] unique case
2026-08-17_19-58-37 W| solver engine at [/home/tony/agentic_workspace/projects/metasmith/fabfos/dev/src/metasmith/engine/msm_solver.x86_64-linux] could not be run: [Errno 13] Permission denied: '/home/tony/agentic_workspace/projects/metasmith/fabfos/dev/src/metasmith/engine/msm_solver.x86_64-linux'
2026-08-17_19-58-37 W| solving with the python implementation because the binary at [/home/tony/agentic_workspace/projects/metasmith/fabfos/dev/src/metasmith/engine/msm_solver.x86_64-linux] was refused at its handshake (see above). The plans are the same either way; the search is roughly 15x slower.

Plan OK -- 9 steps

    1  chunkOrfsForAnnotation   -> ['sequences::orf_chunk']
    2  clean                    -> ['annotation::clean_predictions']
    3  proteinbert              -> ['annotation::proteinbert_embeddings_chunk', 'annotation::proteinbert_index_chunk']
    4  diamond_uniref50         -> ['annotation::diamond_uniref50_results_chunk']
    5  kofamscan                -> ['annotation::kofamscan_results_chunk']
    6  merge_diamond_uniref50   -> ['annotation::diamond_uniref50_results']
    7  merge_kofamscan          -> ['annotation::kofamscan_results']
    8  merge_proteinbert        -> ['annotation::proteinbert_embeddings', 'annotation::proteinbert_index']
    9  gpr_4lane                -> ['annotation::gpr_table']

four lanes and the mapper over one given ORF set

=== task key: ZNhV7mvU ===
=== Deploy() ===
2026-08-17_19-58-37  | deploying agent version [0.20.4] to [ssh://sockeye:/scratch/st-shallam-1/txyliu/fabfos_b2/agent_home] using runtime [APPTAINER] (native=False, rootfs=auto)
2026-08-17_19-58-37  | starting ssh to [sockeye]
2026-08-17_19-58-38  | >>> AGENT_HOME=/scratch/st-shallam-1/txyliu/fabfos_b2/agent_home
2026-08-17_19-58-38  | >>> mkdir -p $(pwd -P)
2026-08-17_19-58-38  | >>> mkdir -p $AGENT_HOME
2026-08-17_19-58-38  | >>> mkdir -p $AGENT_HOME
2026-08-17_19-58-38  | >>> mkdir -p ${TMPDIR-"/tmp"}
2026-08-17_19-58-38  | >>> mkdir -p /arc/home/txyliu/.globus
2026-08-17_19-58-38  | >>> mkdir -p /arc/home/txyliu/.globusonline
2026-08-17_19-58-38  | >>> {pull sif -> build sif (-no-fragments) -> unpack sandbox}
2026-08-17_19-58-38  | staged [msm]
2026-08-17_19-58-38  | staged [lib/agent.yml]
2026-08-17_19-58-38  | staged [lib/msm_bootstrap]
2026-08-17_19-58-38  | deploying [3] staged files
2026-08-17_19-58-39 E| ssh sockeye: Pseudo-terminal will not be allocated because stdin is not a terminal.
2026-08-17_19-58-39 E| ssh-check: Pseudo-terminal will not be allocated because stdin is not a terminal.
2026-08-17_19-58-39  | relay-present
2026-08-17_19-58-39  | relay binary present at [/scratch/st-shallam-1/txyliu/fabfos_b2/agent_home/relay/msm_relay], skipping container extraction
2026-08-17_19-58-39  | deployed to [ssh://sockeye:/scratch/st-shallam-1/txyliu/fabfos_b2/agent_home]
dev overlay: src/metasmith -> sockeye:/scratch/st-shallam-1/txyliu/fabfos_b2/agent_home/dev/metasmith/ (+ metasmith.tar, stage key 1787011122-7106560)
OK   dev/metasmith (login-node bind)
OK   dev/metasmith.tar (slurm-task stage)
OK   agent: docker://quay.io/hallamlab/metasmith:0.20.4
OK   clean.env: docker://quay.io/hallamlab/external_clean:2026.06.14
OK   diamond.env: docker://quay.io/biocontainers/diamond:2.1.8--h43eeafb_0
OK   kofamscan.env: docker://quay.io/biocontainers/kofamscan:1.3.0--hdfd78af_2
OK   polars.env: docker://quay.io/hallamlab/polars:1.38.1
OK   proteinbert.env: docker://quay.io/hallamlab/external_proteinbert:2024.03.28
OK   python_for_data_science.env: docker://quay.io/hallamlab/python_for_data_science@sha256:7684b1bd22038de100f4438b2ae049ce7f507960c362d5d0c8495417318d4a9c
2026-08-17_19-58-43  | staging workflow [ZNhV7mvU]
2026-08-17_19-58-43  | connecting to deployed agent
2026-08-17_19-58-43  | starting ssh to [sockeye]
 | > relay-present[0;m
2026-08-17_19-58-44  | starting relay service
 | > Relay server already running at [/scratch/st-shallam-1/txyliu/fabfos_b2/agent_home/relay/login02][0;m
2026-08-17_19-58-44  | sending context for workflow [ZNhV7mvU]
2026-08-17_19-58-51  | staging
2026-08-17_19-58-51  | external binds ['/arc/project/st-shallam-1/fabfos_refs/processed']
 | > including dev binds[0;m
 | > binds [--bind /arc/project/st-shallam-1/fabfos_refs/processed:/arc/project/st-shallam-1/fabfos_refs/processed --bind /scratch/st-shallam-1/txyliu/fabfos_b2/agent_home:/ws,/scratch/st-shallam-1/txyliu/fabfos_b2/agent_home:/msm_home,/scratch/st-shallam-1/txyliu/fabfos_b2/agent_home:/scratch/st-shallam-1/txyliu/fabfos_b2/agent_home,/tmp:/tmp,/arc/home/txyliu/.globus:/arc/home/txyliu/.globus,/arc/home/txyliu/.globusonline:/arc/home/txyliu/.globusonline --bind /scratch/st-shallam-1/txyliu/fabfos_b2/agent_home/dev/metasmith:/opt/conda/envs/metasmith_env/lib/python3.12/site-packages/metasmith][0;m
E| > INFO:    squashfuse not found, will not be able to use gocryptfs
E| > INFO:    gocryptfs not found, will not be able to use gocryptfs
 | > 2026-08-17_16-58-56  | api call to [stage_workflow] with [{'task_key': 'ZNhV7mvU', 'verify': 'False', 'host': 'login02'}][0;m
 | > 2026-08-17_16-58-59  | staging workflow [ZNhV7mvU] with:[0;m
 | > 2026-08-17_16-58-59  |   [3] data libraries[0;m
 | > 2026-08-17_16-58-59  |   [3] transform libraries[0;m
 | > 2026-08-17_16-58-59  |   [9] total steps[0;m
 | > 2026-08-17_16-58-59  | skipping verification of external inputs paths[0;m
 | > 2026-08-17_16-58-59  | work [/ws/runs/ZNhV7mvU][0;m
 | > 2026-08-17_16-58-59  | data [/msm_home/data][0;m
 | > 2026-08-17_16-58-59  | external work [/scratch/st-shallam-1/txyliu/fabfos_b2/agent_home/runs/ZNhV7mvU][0;m
 | > 2026-08-17_16-58-59  | external data [/scratch/st-shallam-1/txyliu/fabfos_b2/agent_home/data][0;m
 | > 2026-08-17_16-58-59  | compiling nextflow script[0;m
 | > 2026-08-17_16-58-59 W| cache_root and work_dir straddle mounts; forcing publishDir 'copy' strategy. (cache_root [/scratch/st-shallam-1/txyliu/fabfos_b2/agent_home/task_cache] is on mount [/scratch/st-shallam-1/txyliu/fabfos_b2/agent_home] (lustre) but work_dir [/ws/runs/ZNhV7mvU] is on mount [/ws] (lustre). Rename across mounts is non-atomic; metasmith refuses to compile. Move cache_root or work_dir so they share a mount.)[0;m
 | > 2026-08-17_16-58-59 W| cache shard 1e20c82a carries no on-channel index for 2 output(s); demoting the hit so the step re-runs rather than emitting a tuple the orchestrator would drop[0;m
 | > 2026-08-17_16-59-00  | creating launcher script at [/ws/runs/ZNhV7mvU/start.sh][0;m
 | > 2026-08-17_16-59-00  | external binds [PosixPath('/arc/project/st-shallam-1/fabfos_refs/processed')][0;m
 | > 2026-08-17_16-59-00  | drawing DAG[0;m
 | > 2026-08-17_16-59-00  | [ZNhV7mvU] staged to [{AGENT_HOME}/runs/ZNhV7mvU][0;m
2026-08-17_19-59-00  | closing connection
    staged workflow: every step goes to slurm
    no whole-cluster maintenance window ahead
    scheduler accepts a 4 h job (kofamscan): sbatch: Job 12624061 to start at 2026-08-17T17:05:06 a using 1 processors on nodes se185 in partition skylake
2026-08-17_19-59-06  | connecting to deployed agent
2026-08-17_19-59-06  | starting ssh to [sockeye]
 | > relay-present[0;m
2026-08-17_19-59-07  | starting relay service
 | > Relay server already running at [/scratch/st-shallam-1/txyliu/fabfos_b2/agent_home/relay/login02][0;m
2026-08-17_19-59-07  | GPU requests planned for [1] of [1] declaring steps
2026-08-17_19-59-07  | sending config and params
2026-08-17_19-59-09  | triggering execution of [ZNhV7mvU]
 | > start time was [2026-08-17_16-59-10][0;m
2026-08-17_19-59-10  | closing connection
=== waiting (timeout 8.0h) ===
=== status: errored after 0.23 h ===
    2026-08-17_17-12-45  |     - ['{"vRyYV0jO":["1e206b5ea316a1eb100bd942758196eef60d11f4fc4c5c3ded565c4ab7e3cfcdb57e"],"TaWN3G4e":["1e2091231775bac1de37db1ad8adaab72f49b9952318dcb3ee9a5bdadba66907b616"],"0PlvGw74":["1e201456820701f9cec3cff5e9a32e06a652276367d0a295fca8a5e4ddf0d67ce57f"],"d0g3dHTe":["df03d741d92fbf249da4af947f1f708a"],"RvITjPr0":["1e20e74179529877cb26eab25f663edec27724ea6aded22d3789b36f892d510222aa"],"jh33jWJX":["1e20ec4b53f338e9d014be64174a56e138ee7b3ed8d0ccd0073db2fa8b29a7ffa137"],"ATT5HeFt":["957bc2295a3bb091b70f4e8926ec5982"]}', 5_annotation-kofamscan_results_chunk/1-1-1.GiVtPZYE63YOD2rM-ATT5HeFt.csv]
    2026-08-17_17-12-45  |   _BrlRjcce:
    2026-08-17_17-12-45  |     - ['{"TaWN3G4e":["1e2091231775bac1de37db1ad8adaab72f49b9952318dcb3ee9a5bdadba66907b616"],"0PlvGw74":["1e201456820701f9cec3cff5e9a32e06a652276367d0a295fca8a5e4ddf0d67ce57f"],"xqR7Pp3D":["1e20c25b67383e488ba266f7fef96e2b3cb4aad7d11f3a3b72517019348630384027"],"d0g3dHTe":["df03d741d92fbf249da4af947f1f708a"],"8YkSc5PN":["d745aa5ca65f2506584d3d6292894807"],"fRy8YUSc":["18a7630bab91ff4bc9414d3a12baa0a4"],"BrlRjcce":["ba7a2d0c72d1f4979ee0ea03b49455ad"]}', 8_annotation-proteinbert_embeddings/1-1-1.wN4i8LK3jYsr3OQH-BrlRjcce.parquet]
    2026-08-17_17-12-45  |   _8YkSc5PN:
    2026-08-17_17-12-45  |     - ['{"xqR7Pp3D":["1e20c25b67383e488ba266f7fef96e2b3cb4aad7d11f3a3b72517019348630384027"],"TaWN3G4e":["1e2091231775bac1de37db1ad8adaab72f49b9952318dcb3ee9a5bdadba66907b616"],"0PlvGw74":["1e201456820701f9cec3cff5e9a32e06a652276367d0a295fca8a5e4ddf0d67ce57f"],"d0g3dHTe":["df03d741d92fbf249da4af947f1f708a"],"8YkSc5PN":["d745aa5ca65f2506584d3d6292894807"]}', 3_annotation-proteinbert_embeddings_chunk/1-1-1.2V3aHVOPO4U8vq5s-8YkSc5PN.parquet]
    2026-08-17_17-12-45  |   _i8IGm53H:
    2026-08-17_17-12-45  |     - ['{"0H81WoXG":["1e20bd085975c55bda14288cf2ff66ee5cc2f79a9ec83029832a2c37bdd6d70ef02c"],"0PlvGw74":["1e201456820701f9cec3cff5e9a32e06a652276367d0a295fca8a5e4ddf0d67ce57f"],"i8IGm53H":["0126b00282fb79dca3184753139b21d1"]}', 2_annotation-clean_predictions/1-1-1.QnN1h13u3LgEbq1s-i8IGm53H.tsv]
    2026-08-17_17-12-45  |   _gA4taOg9:
    2026-08-17_17-12-45  |     - ['{"0PlvGw74":["1e201456820701f9cec3cff5e9a32e06a652276367d0a295fca8a5e4ddf0d67ce57f"],"pN0O2OQc":["1e20f20565c678d85daf20254ac084d10d7cb694b1dfe5e2a80cc2dc88341e401b66"],"TaWN3G4e":["1e2091231775bac1de37db1ad8adaab72f49b9952318dcb3ee9a5bdadba66907b616"],"d0g3dHTe":["df03d741d92fbf249da4af947f1f708a"],"1Tw0lWc0":["1e20c78b10b01f9232bfe5a7c1134e34811dbcf83ab57f0c54158878b58494a8668e"],"S5fRZndZ":["deff0e9d89bb41fc920d5a70221c4be2"],"gA4taOg9":["b63bbb067dff7d05005352a696e5df11"]}', 6_annotation-diamond_uniref50_results/1-1-1.I7SqyPf1CcgYrFrV-gA4taOg9.tsv]
    2026-08-17_17-12-45  |   _9T0HhGxP:
    2026-08-17_17-12-45  |     - ['{"MeMsAmKj":["1e20eef86cff822022ac823e1beef84f64c45c656c183fced91845cfb4e524b95541"],"0PlvGw74":["1e201456820701f9cec3cff5e9a32e06a652276367d0a295fca8a5e4ddf0d67ce57f"],"vRyYV0jO":["1e206b5ea316a1eb100bd942758196eef60d11f4fc4c5c3ded565c4ab7e3cfcdb57e"],"TaWN3G4e":["1e2091231775bac1de37db1ad8adaab72f49b9952318dcb3ee9a5bdadba66907b616"],"d0g3dHTe":["df03d741d92fbf249da4af947f1f708a"],"RvITjPr0":["1e20e74179529877cb26eab25f663edec27724ea6aded22d3789b36f892d510222aa"],"jh33jWJX":["1e20ec4b53f338e9d014be64174a56e138ee7b3ed8d0ccd0073db2fa8b29a7ffa137"],"ATT5HeFt":["957bc2295a3bb091b70f4e8926ec5982"],"bE0uTgBK":["6cc6bfe0818986359f3a817aa7f79e36"],"0H81WoXG":["1e20bd085975c55bda14288cf2ff66ee5cc2f79a9ec83029832a2c37bdd6d70ef02c"],"i8IGm53H":["0126b00282fb79dca3184753139b21d1"],"pN0O2OQc":["1e20f20565c678d85daf20254ac084d10d7cb694b1dfe5e2a80cc2dc88341e401b66"],"1Tw0lWc0":["1e20c78b10b01f9232bfe5a7c1134e34811dbcf83ab57f0c54158878b58494a8668e"],"S5fRZndZ":["deff0e9d89bb41fc920d5a70221c4be2"],"gA4taOg9":["b63bbb067dff7d05005352a696e5df11"],"xqR7Pp3D":["1e20c25b67383e488ba266f7fef96e2b3cb4aad7d11f3a3b72517019348630384027"],"8YkSc5PN":["d745aa5ca65f2506584d3d6292894807"],"fRy8YUSc":["18a7630bab91ff4bc9414d3a12baa0a4"],"BrlRjcce":["ba7a2d0c72d1f4979ee0ea03b49455ad"],"B2dA68mF":["2a1c3c9b21d03b7eb100fdfe0b373454"],"FHr5ijaI":["1e204fd3f515fdfa7eacebcd67ac5fc7030ae31416ff76f180f648348c5a159d7a8a"],"THWWCb5b":["1e205f03cf9f64adf3b3d71637b9370f0c662243249aecf74621666d3819e96abd86"],"mYYEaNeH":["1e20c9184a7e3d78961b380ae02c42451305869dd08d954f21b59829200ffac74406"],"9T0HhGxP":["a791537c23b418a9b15e32e37529b444"]}', annotation-gpr_table/1-1-1.N8L3Zcls4e1lE5ph-9T0HhGxP.parquet]
    2026-08-17_17-12-45  |   _S5fRZndZ:
    2026-08-17_17-12-45  |     - ['{"pN0O2OQc":["1e20f20565c678d85daf20254ac084d10d7cb694b1dfe5e2a80cc2dc88341e401b66"],"TaWN3G4e":["1e2091231775bac1de37db1ad8adaab72f49b9952318dcb3ee9a5bdadba66907b616"],"0PlvGw74":["1e201456820701f9cec3cff5e9a32e06a652276367d0a295fca8a5e4ddf0d67ce57f"],"d0g3dHTe":["df03d741d92fbf249da4af947f1f708a"],"1Tw0lWc0":["1e20c78b10b01f9232bfe5a7c1134e34811dbcf83ab57f0c54158878b58494a8668e"],"S5fRZndZ":["deff0e9d89bb41fc920d5a70221c4be2"]}', 4_annotation-diamond_uniref50_results_chunk/1-1-1.wgSoTVzgzQzMT2Hn-S5fRZndZ.tsv]
    2026-08-17_17-12-45  |   _B2dA68mF:
    2026-08-17_17-12-45  |     - ['{"TaWN3G4e":["1e2091231775bac1de37db1ad8adaab72f49b9952318dcb3ee9a5bdadba66907b616"],"0PlvGw74":["1e201456820701f9cec3cff5e9a32e06a652276367d0a295fca8a5e4ddf0d67ce57f"],"xqR7Pp3D":["1e20c25b67383e488ba266f7fef96e2b3cb4aad7d11f3a3b72517019348630384027"],"d0g3dHTe":["df03d741d92fbf249da4af947f1f708a"],"8YkSc5PN":["d745aa5ca65f2506584d3d6292894807"],"fRy8YUSc":["18a7630bab91ff4bc9414d3a12baa0a4"],"B2dA68mF":["2a1c3c9b21d03b7eb100fdfe0b373454"]}', 8_annotation-proteinbert_index/1-1-1.wN4i8LK3jYsr3OQH-B2dA68mF.csv]
    2026-08-17_17-12-45  |   _fRy8YUSc:
    2026-08-17_17-12-45  |     - ['{"xqR7Pp3D":["1e20c25b67383e488ba266f7fef96e2b3cb4aad7d11f3a3b72517019348630384027"],"TaWN3G4e":["1e2091231775bac1de37db1ad8adaab72f49b9952318dcb3ee9a5bdadba66907b616"],"0PlvGw74":["1e201456820701f9cec3cff5e9a32e06a652276367d0a295fca8a5e4ddf0d67ce57f"],"d0g3dHTe":["df03d741d92fbf249da4af947f1f708a"],"fRy8YUSc":["18a7630bab91ff4bc9414d3a12baa0a4"]}', 3_annotation-proteinbert_index_chunk/1-1-1.2V3aHVOPO4U8vq5s-fRy8YUSc.csv]
    2026-08-17_17-12-47  | extracted task metadata to [/msm_home/runs/ZNhV7mvU/_metasmith/logs.2026-08-17_16-59-10/nxf_tasks.csv]
    2026-08-17_17-12-48  | cache promote: 8 written, 1 skipped
    2026-08-17_17-12-48  | compiling results
