=== site: sockeye (sockeye) ===
=== staging ===
    sequences::orfs                  CP189566.1.faa  (4475 records)
    ref::kofamscan_profiles          /arc/project/st-shallam-1/fabfos_refs/processed/kofam_ref/profiles
    ref::kofamscan_ko_list           /arc/project/st-shallam-1/fabfos_refs/processed/kofam_ref/ko_list.tsv
    ref::uniref50_diamond_db         /arc/project/st-shallam-1/fabfos_refs/processed/uniref50_dmnd/uniref50.dmnd
    ref::mnxr_lookup                 /arc/project/st-shallam-1/fabfos_refs/processed/mnxr_lookup/mnxr_lookup.parquet
    ref::reference_label_pool        /arc/project/st-shallam-1/fabfos_refs/processed/reference_label_pool/pool
2026-08-17_20-01-26  | [annotation::gpr_table] resolved by [...metasmith_libraries/transforms/functionalAnnotation]
2026-08-17_20-01-27  | solving plan for [1] sample as [1] unique case
2026-08-17_20-01-27 W| solver engine at [/home/tony/agentic_workspace/projects/metasmith/fabfos/dev/src/metasmith/engine/msm_solver.x86_64-linux] could not be run: [Errno 13] Permission denied: '/home/tony/agentic_workspace/projects/metasmith/fabfos/dev/src/metasmith/engine/msm_solver.x86_64-linux'
2026-08-17_20-01-27 W| solving with the python implementation because the binary at [/home/tony/agentic_workspace/projects/metasmith/fabfos/dev/src/metasmith/engine/msm_solver.x86_64-linux] was refused at its handshake (see above). The plans are the same either way; the search is roughly 15x slower.

Plan OK -- 9 steps

    1  chunkOrfsForAnnotation   -> ['sequences::orf_chunk']
    2  clean                    -> ['annotation::clean_predictions']
    3  proteinbert              -> ['annotation::proteinbert_embeddings_chunk', 'annotation::proteinbert_index_chunk']
    4  diamond_uniref50         -> ['annotation::diamond_uniref50_results_chunk']
    5  kofamscan                -> ['annotation::kofamscan_results_chunk']
    6  merge_diamond_uniref50   -> ['annotation::diamond_uniref50_results']
    7  merge_kofamscan          -> ['annotation::kofamscan_results']
    8  merge_proteinbert        -> ['annotation::proteinbert_embeddings', 'annotation::proteinbert_index']
    9  gpr_4lane                -> ['annotation::gpr_table']

four lanes and the mapper over one given ORF set

=== task key: l0Ka6ikn ===
=== Deploy() ===
2026-08-17_20-01-27  | deploying agent version [0.20.4] to [ssh://sockeye:/scratch/st-shallam-1/txyliu/fabfos_b2/agent_home] using runtime [APPTAINER] (native=False, rootfs=auto)
2026-08-17_20-01-27  | starting ssh to [sockeye]
2026-08-17_20-01-28  | >>> AGENT_HOME=/scratch/st-shallam-1/txyliu/fabfos_b2/agent_home
2026-08-17_20-01-28  | >>> mkdir -p $(pwd -P)
2026-08-17_20-01-28  | >>> mkdir -p $AGENT_HOME
2026-08-17_20-01-28  | >>> mkdir -p $AGENT_HOME
2026-08-17_20-01-28  | >>> mkdir -p ${TMPDIR-"/tmp"}
2026-08-17_20-01-28  | >>> mkdir -p /arc/home/txyliu/.globus
2026-08-17_20-01-28  | >>> mkdir -p /arc/home/txyliu/.globusonline
2026-08-17_20-01-28  | >>> {pull sif -> build sif (-no-fragments) -> unpack sandbox}
2026-08-17_20-01-28  | staged [msm]
2026-08-17_20-01-28  | staged [lib/agent.yml]
2026-08-17_20-01-28  | staged [lib/msm_bootstrap]
2026-08-17_20-01-28  | deploying [3] staged files
2026-08-17_20-01-29 E| ssh sockeye: Pseudo-terminal will not be allocated because stdin is not a terminal.
2026-08-17_20-01-29 E| ssh-check: Pseudo-terminal will not be allocated because stdin is not a terminal.
2026-08-17_20-01-29  | relay-present
2026-08-17_20-01-29  | relay binary present at [/scratch/st-shallam-1/txyliu/fabfos_b2/agent_home/relay/msm_relay], skipping container extraction
2026-08-17_20-01-29  | deployed to [ssh://sockeye:/scratch/st-shallam-1/txyliu/fabfos_b2/agent_home]
dev overlay: src/metasmith -> sockeye:/scratch/st-shallam-1/txyliu/fabfos_b2/agent_home/dev/metasmith/ (+ metasmith.tar, stage key 1787011293-7106560)
OK   dev/metasmith (login-node bind)
OK   dev/metasmith.tar (slurm-task stage)
OK   agent: docker://quay.io/hallamlab/metasmith:0.20.4
OK   clean.env: docker://quay.io/hallamlab/external_clean:2026.06.14
OK   diamond.env: docker://quay.io/biocontainers/diamond:2.1.8--h43eeafb_0
OK   kofamscan.env: docker://quay.io/biocontainers/kofamscan:1.3.0--hdfd78af_2
OK   polars.env: docker://quay.io/hallamlab/polars:1.38.1
OK   proteinbert.env: docker://quay.io/hallamlab/external_proteinbert:2024.03.28
OK   python_for_data_science.env: docker://quay.io/hallamlab/python_for_data_science@sha256:7684b1bd22038de100f4438b2ae049ce7f507960c362d5d0c8495417318d4a9c
2026-08-17_20-01-34  | staging workflow [l0Ka6ikn]
2026-08-17_20-01-34  | connecting to deployed agent
2026-08-17_20-01-34  | starting ssh to [sockeye]
 | > relay-present[0;m
2026-08-17_20-01-35  | starting relay service
 | > Relay server already running at [/scratch/st-shallam-1/txyliu/fabfos_b2/agent_home/relay/login02][0;m
2026-08-17_20-01-35  | sending context for workflow [l0Ka6ikn]
2026-08-17_20-01-43  | staging
2026-08-17_20-01-43  | external binds ['/arc/project/st-shallam-1/fabfos_refs/processed']
 | > including dev binds[0;m
 | > binds [--bind /arc/project/st-shallam-1/fabfos_refs/processed:/arc/project/st-shallam-1/fabfos_refs/processed --bind /scratch/st-shallam-1/txyliu/fabfos_b2/agent_home:/ws,/scratch/st-shallam-1/txyliu/fabfos_b2/agent_home:/msm_home,/scratch/st-shallam-1/txyliu/fabfos_b2/agent_home:/scratch/st-shallam-1/txyliu/fabfos_b2/agent_home,/tmp:/tmp,/arc/home/txyliu/.globus:/arc/home/txyliu/.globus,/arc/home/txyliu/.globusonline:/arc/home/txyliu/.globusonline --bind /scratch/st-shallam-1/txyliu/fabfos_b2/agent_home/dev/metasmith:/opt/conda/envs/metasmith_env/lib/python3.12/site-packages/metasmith][0;m
E| > INFO:    squashfuse not found, will not be able to use gocryptfs
E| > INFO:    gocryptfs not found, will not be able to use gocryptfs
 | > 2026-08-17_17-01-47  | api call to [stage_workflow] with [{'task_key': 'l0Ka6ikn', 'verify': 'False', 'host': 'login02'}][0;m
 | > 2026-08-17_17-01-50  | staging workflow [l0Ka6ikn] with:[0;m
 | > 2026-08-17_17-01-50  |   [3] data libraries[0;m
 | > 2026-08-17_17-01-50  |   [3] transform libraries[0;m
 | > 2026-08-17_17-01-50  |   [9] total steps[0;m
 | > 2026-08-17_17-01-50  | skipping verification of external inputs paths[0;m
 | > 2026-08-17_17-01-50  | work [/ws/runs/l0Ka6ikn][0;m
 | > 2026-08-17_17-01-50  | data [/msm_home/data][0;m
 | > 2026-08-17_17-01-50  | external work [/scratch/st-shallam-1/txyliu/fabfos_b2/agent_home/runs/l0Ka6ikn][0;m
 | > 2026-08-17_17-01-50  | external data [/scratch/st-shallam-1/txyliu/fabfos_b2/agent_home/data][0;m
 | > 2026-08-17_17-01-50  | compiling nextflow script[0;m
 | > 2026-08-17_17-01-50 W| cache_root and work_dir straddle mounts; forcing publishDir 'copy' strategy. (cache_root [/scratch/st-shallam-1/txyliu/fabfos_b2/agent_home/task_cache] is on mount [/scratch/st-shallam-1/txyliu/fabfos_b2/agent_home] (lustre) but work_dir [/ws/runs/l0Ka6ikn] is on mount [/ws] (lustre). Rename across mounts is non-atomic; metasmith refuses to compile. Move cache_root or work_dir so they share a mount.)[0;m
 | > 2026-08-17_17-01-50 W| cache shard 1e20c82a carries no on-channel index for 2 output(s); demoting the hit so the step re-runs rather than emitting a tuple the orchestrator would drop[0;m
 | > 2026-08-17_17-01-51  | creating launcher script at [/ws/runs/l0Ka6ikn/start.sh][0;m
 | > 2026-08-17_17-01-51  | external binds [PosixPath('/arc/project/st-shallam-1/fabfos_refs/processed')][0;m
 | > 2026-08-17_17-01-51  | drawing DAG[0;m
 | > 2026-08-17_17-01-51  | [l0Ka6ikn] staged to [{AGENT_HOME}/runs/l0Ka6ikn][0;m
2026-08-17_20-01-51  | closing connection
    staged workflow: every step goes to slurm
    no whole-cluster maintenance window ahead
    scheduler accepts a 4 h job (kofamscan): sbatch: Job 12624154 to start at 2026-08-17T17:28:57 a using 1 processors on nodes se095 in partition skylake
2026-08-17_20-01-57  | connecting to deployed agent
2026-08-17_20-01-57  | starting ssh to [sockeye]
 | > relay-present[0;m
2026-08-17_20-01-58  | starting relay service
 | > Relay server already running at [/scratch/st-shallam-1/txyliu/fabfos_b2/agent_home/relay/login02][0;m
2026-08-17_20-01-58  | GPU requests planned for [1] of [1] declaring steps
2026-08-17_20-01-58  | sending config and params
2026-08-17_20-02-00  | triggering execution of [l0Ka6ikn]
 | > start time was [2026-08-17_17-02-00][0;m
2026-08-17_20-02-00  | closing connection
=== waiting (timeout 8.0h) ===
=== status: errored after 0.23 h ===
    2026-08-17_17-15-45  |     - ['{"TaWN3G4e":["1e2091231775bac1de37db1ad8adaab72f49b9952318dcb3ee9a5bdadba66907b616"],"0PlvGw74":["1e2033510cefbaec50cfe8e098a5f3a73b9856ea371df1a31ece5ff2fbacf5555f1b"],"d0g3dHTe":["fbcc8bb7c1fcfb553f438d8831c9595c"]}', 1_sequences-orf_chunk/1-1-1.vgCeAwoX3xwxliTy-d0g3dHTe.faa]
    2026-08-17_17-15-45  |   _ATT5HeFt:
    2026-08-17_17-15-45  |     - ['{"vRyYV0jO":["1e206b5ea316a1eb100bd942758196eef60d11f4fc4c5c3ded565c4ab7e3cfcdb57e"],"TaWN3G4e":["1e2091231775bac1de37db1ad8adaab72f49b9952318dcb3ee9a5bdadba66907b616"],"0PlvGw74":["1e2033510cefbaec50cfe8e098a5f3a73b9856ea371df1a31ece5ff2fbacf5555f1b"],"d0g3dHTe":["fbcc8bb7c1fcfb553f438d8831c9595c"],"RvITjPr0":["1e20a56fcfd74c4dcbcb05c56a5408d8d20c5500ce94ef8232151227db485d0b2487"],"jh33jWJX":["1e20fa6de129dd30a64494ffd092e80aa7c79b3dbaa132c56ce8796a42b1366b7715"],"ATT5HeFt":["bd1f216089f8fe9ffd341f1fbf2d62b6"]}', 5_annotation-kofamscan_results_chunk/1-1-1.8xunDdfuTWZEphrb-ATT5HeFt.csv]
    2026-08-17_17-15-45  |   _B2dA68mF:
    2026-08-17_17-15-45  |     - ['{"TaWN3G4e":["1e2091231775bac1de37db1ad8adaab72f49b9952318dcb3ee9a5bdadba66907b616"],"0PlvGw74":["1e2033510cefbaec50cfe8e098a5f3a73b9856ea371df1a31ece5ff2fbacf5555f1b"],"xqR7Pp3D":["1e20c25b67383e488ba266f7fef96e2b3cb4aad7d11f3a3b72517019348630384027"],"d0g3dHTe":["fbcc8bb7c1fcfb553f438d8831c9595c"],"8YkSc5PN":["2e714427ff96646478b44396579705a8"],"fRy8YUSc":["6335daea5ef0f81f1e894bbe73a59140"],"B2dA68mF":["8133127e1723252d64eae0db9456e71a"]}', 8_annotation-proteinbert_index/1-1-1.FhhNdWqriJEMhM7C-B2dA68mF.csv]
    2026-08-17_17-15-45  |   _gA4taOg9:
    2026-08-17_17-15-45  |     - ['{"0PlvGw74":["1e2033510cefbaec50cfe8e098a5f3a73b9856ea371df1a31ece5ff2fbacf5555f1b"],"pN0O2OQc":["1e20f20565c678d85daf20254ac084d10d7cb694b1dfe5e2a80cc2dc88341e401b66"],"TaWN3G4e":["1e2091231775bac1de37db1ad8adaab72f49b9952318dcb3ee9a5bdadba66907b616"],"d0g3dHTe":["fbcc8bb7c1fcfb553f438d8831c9595c"],"1Tw0lWc0":["1e20eb89aa57a73a9c54d4bdf97ab63c19dd5efd5ba7b45fae99060f29dc5f7d7e65"],"S5fRZndZ":["8b485c37d526fbbdc610af2193df505e"],"gA4taOg9":["74ab4c0ca36ec3b92229142e501e8b01"]}', 6_annotation-diamond_uniref50_results/1-1-1.0Ukge3pqRtn3ZbqJ-gA4taOg9.tsv]
    2026-08-17_17-15-45  |   _BrlRjcce:
    2026-08-17_17-15-45  |     - ['{"TaWN3G4e":["1e2091231775bac1de37db1ad8adaab72f49b9952318dcb3ee9a5bdadba66907b616"],"0PlvGw74":["1e2033510cefbaec50cfe8e098a5f3a73b9856ea371df1a31ece5ff2fbacf5555f1b"],"xqR7Pp3D":["1e20c25b67383e488ba266f7fef96e2b3cb4aad7d11f3a3b72517019348630384027"],"d0g3dHTe":["fbcc8bb7c1fcfb553f438d8831c9595c"],"8YkSc5PN":["2e714427ff96646478b44396579705a8"],"fRy8YUSc":["6335daea5ef0f81f1e894bbe73a59140"],"BrlRjcce":["b162bd642cfcc2d145575a87c21ad925"]}', 8_annotation-proteinbert_embeddings/1-1-1.FhhNdWqriJEMhM7C-BrlRjcce.parquet]
    2026-08-17_17-15-45  |   _fRy8YUSc:
    2026-08-17_17-15-45  |     - ['{"xqR7Pp3D":["1e20c25b67383e488ba266f7fef96e2b3cb4aad7d11f3a3b72517019348630384027"],"TaWN3G4e":["1e2091231775bac1de37db1ad8adaab72f49b9952318dcb3ee9a5bdadba66907b616"],"0PlvGw74":["1e2033510cefbaec50cfe8e098a5f3a73b9856ea371df1a31ece5ff2fbacf5555f1b"],"d0g3dHTe":["fbcc8bb7c1fcfb553f438d8831c9595c"],"fRy8YUSc":["6335daea5ef0f81f1e894bbe73a59140"]}', 3_annotation-proteinbert_index_chunk/1-1-1.IPkKkkGXMCdlppV0-fRy8YUSc.csv]
    2026-08-17_17-15-45  |   _S5fRZndZ:
    2026-08-17_17-15-45  |     - ['{"pN0O2OQc":["1e20f20565c678d85daf20254ac084d10d7cb694b1dfe5e2a80cc2dc88341e401b66"],"TaWN3G4e":["1e2091231775bac1de37db1ad8adaab72f49b9952318dcb3ee9a5bdadba66907b616"],"0PlvGw74":["1e2033510cefbaec50cfe8e098a5f3a73b9856ea371df1a31ece5ff2fbacf5555f1b"],"d0g3dHTe":["fbcc8bb7c1fcfb553f438d8831c9595c"],"1Tw0lWc0":["1e20eb89aa57a73a9c54d4bdf97ab63c19dd5efd5ba7b45fae99060f29dc5f7d7e65"],"S5fRZndZ":["8b485c37d526fbbdc610af2193df505e"]}', 4_annotation-diamond_uniref50_results_chunk/1-1-1.PPtmja1kHUTkfDpk-S5fRZndZ.tsv]
    2026-08-17_17-15-45  |   _i8IGm53H:
    2026-08-17_17-15-45  |     - ['{"0H81WoXG":["1e20bd085975c55bda14288cf2ff66ee5cc2f79a9ec83029832a2c37bdd6d70ef02c"],"0PlvGw74":["1e2033510cefbaec50cfe8e098a5f3a73b9856ea371df1a31ece5ff2fbacf5555f1b"],"i8IGm53H":["9009b2d59affc2e1a726ad1f4c441200"]}', 2_annotation-clean_predictions/1-1-1.2dx5ZbU8XAOcCeKV-i8IGm53H.tsv]
    2026-08-17_17-15-45  |   _bE0uTgBK:
    2026-08-17_17-15-45  |     - ['{"0PlvGw74":["1e2033510cefbaec50cfe8e098a5f3a73b9856ea371df1a31ece5ff2fbacf5555f1b"],"vRyYV0jO":["1e206b5ea316a1eb100bd942758196eef60d11f4fc4c5c3ded565c4ab7e3cfcdb57e"],"TaWN3G4e":["1e2091231775bac1de37db1ad8adaab72f49b9952318dcb3ee9a5bdadba66907b616"],"d0g3dHTe":["fbcc8bb7c1fcfb553f438d8831c9595c"],"RvITjPr0":["1e20a56fcfd74c4dcbcb05c56a5408d8d20c5500ce94ef8232151227db485d0b2487"],"jh33jWJX":["1e20fa6de129dd30a64494ffd092e80aa7c79b3dbaa132c56ce8796a42b1366b7715"],"ATT5HeFt":["bd1f216089f8fe9ffd341f1fbf2d62b6"],"bE0uTgBK":["72a46abdb049b5c8b7d8eaa61b3c6018"]}', 7_annotation-kofamscan_results/1-1-1.cxiN1g0FvFdxA3Of-bE0uTgBK.csv]
    2026-08-17_17-15-48  | extracted task metadata to [/msm_home/runs/l0Ka6ikn/_metasmith/logs.2026-08-17_17-02-00/nxf_tasks.csv]
    2026-08-17_17-15-48  | cache promote: 8 written, 1 skipped
    2026-08-17_17-15-48  | compiling results
