09:24:00.995 - INFO - UTILS - version=1.11.0
09:24:00.995 - INFO - UTILS - developer: Oliver Schwengers, github.com/oschwengers
09:24:00.995 - INFO - UTILS - command: /usr/local/bin/bakta --db /msm_data/qkDEf5cbTbVZ/bakta_db --skip-cds --regions /msm_data/207f55f6c48e562c93cf980238b67e/output.gff --proteins /msm_data/207f55f6c48e562c93cf980238b67e/cds.faa --prefix bakta --output /msm_data/4bf8c3df2cd602f873f09dbb3cec91/bakta_out /msm_data/qkDEf5cbTbVZ/assembly
09:24:00.995 - INFO - UTILS - local time: 2025-07-15 09:24:00
09:24:00.999 - INFO - UTILS - machine: type=, cores=20
09:24:00.999 - INFO - UTILS - system: type=Linux, release=6.15.2-arch1-1
09:24:00.999 - INFO - UTILS - python: version=3.11.11, implementation=CPython
09:24:00.999 - INFO - CONFIG - threads=20
09:24:00.999 - INFO - CONFIG - verbose=False
09:24:00.999 - INFO - CONFIG - debug=False
09:24:01.000 - INFO - CONFIG - database: type=parameter, path=/msm_data/qkDEf5cbTbVZ/bakta_db
09:24:01.000 - INFO - CONFIG - tmp-path=/tmp/tmpbt3hvwa0
09:24:01.000 - INFO - CONFIG - genome-path=/msm_data/qkDEf5cbTbVZ/assembly
09:24:01.000 - INFO - CONFIG - min_contig_length=1
09:24:01.000 - INFO - CONFIG - prefix=bakta
09:24:01.000 - INFO - CONFIG - output-path=/msm_data/4bf8c3df2cd602f873f09dbb3cec91/bakta_out
09:24:01.000 - INFO - CONFIG - force=False
09:24:01.000 - INFO - CONFIG - genus=None
09:24:01.000 - INFO - CONFIG - species=None
09:24:01.000 - INFO - CONFIG - strain=None
09:24:01.000 - INFO - CONFIG - plasmid=None
09:24:01.000 - INFO - CONFIG - complete=False
09:24:01.000 - INFO - CONFIG - prodigal_tf=None
09:24:01.000 - INFO - CONFIG - translation_table=11
09:24:01.000 - INFO - CONFIG - gram=?
09:24:01.000 - INFO - CONFIG - compliant=False
09:24:01.000 - INFO - CONFIG - meta=False
09:24:01.000 - INFO - CONFIG - locus=None
09:24:01.000 - INFO - CONFIG - locus-tag=None
09:24:01.000 - INFO - CONFIG - locus-tag-increment=1
09:24:01.000 - INFO - CONFIG - keep_contig_headers=False
09:24:01.000 - INFO - CONFIG - replicon-table=None
09:24:01.000 - INFO - CONFIG - user-proteins=/msm_data/207f55f6c48e562c93cf980238b67e/cds.faa
09:24:01.000 - INFO - CONFIG - regions=/msm_data/207f55f6c48e562c93cf980238b67e/output.gff
09:24:01.000 - INFO - CONFIG - skip-tRNA=False
09:24:01.000 - INFO - CONFIG - skip-tmRNA=False
09:24:01.000 - INFO - CONFIG - skip-rRNA=False
09:24:01.000 - INFO - CONFIG - skip-ncRNA=False
09:24:01.000 - INFO - CONFIG - skip-ncRNA-region=False
09:24:01.000 - INFO - CONFIG - skip-CRISPR=False
09:24:01.000 - INFO - CONFIG - skip-CDS=True
09:24:01.000 - INFO - CONFIG - skip-pseudo=False
09:24:01.000 - INFO - CONFIG - skip-sORF=False
09:24:01.000 - INFO - CONFIG - skip-gap=False
09:24:01.000 - INFO - CONFIG - skip-ori=False
09:24:01.000 - INFO - CONFIG - skip-filter=False
09:24:01.000 - INFO - CONFIG - skip-plot=False
09:24:01.000 - INFO - DB - detected: major=6, minor=0, type=light, date=2025-02-24
09:24:01.062 - INFO - UTILS - dependency: tool=tRNAscan-SE, version=v2.0.12, path=/usr/local/bin/tRNAscan-SE
09:24:01.064 - INFO - UTILS - dependency: tool=Aragorn, version=v1.2.41, path=/usr/local/bin/aragorn
09:24:01.072 - INFO - UTILS - dependency: tool=CMscan, version=v1.1.5, path=/usr/local/bin/cmscan
09:24:01.075 - INFO - UTILS - dependency: tool=PilerCR, version=v1.6.0, path=/usr/local/bin/pilercr
09:24:01.158 - INFO - UTILS - dependency: tool=Pyhmmer, version=v0.11.0, path=/usr/local/bin/python3.11
09:24:01.175 - INFO - UTILS - dependency: tool=Diamond, version=v2.1.11, path=/usr/local/bin/diamond
09:24:01.501 - INFO - UTILS - dependency: tool=Blastn, version=v2.16.0, path=/usr/local/bin/blastn
09:24:02.315 - INFO - UTILS - dependency: tool=pyCirclize, version=v1.9.0, path=/usr/local/bin/python3.11
09:24:02.352 - INFO - FASTA - imported: id=NC_000913.3, length=4641652, description=Escherichia coli str. K-12 substr. MG1655, complete genome, genomic=True, dna=True
09:24:02.352 - INFO - MAIN - imported sequences=1
09:24:02.352 - INFO - UTILS - qc: revised sequence: id=contig_1, orig-id=NC_000913.3, type=chromosome, complete=True, topology=circular, name=, description='[gcode=11] [completeness=complete] [topology=circular] [location=chromosome]', orig-description='Escherichia coli str. K-12 substr. MG1655, complete genome'
09:24:02.352 - INFO - FASTA - write genome sequences: path=/tmp/tmpbt3hvwa0/sequences.fna, description=False, wrap=False
09:24:09.455 - INFO - T_RNA - seq=contig_1, start=225381, stop=225457, strand=+, gene=trnI, product=tRNA-Ile(gat), score=75.8, nt=[AGGCTTGTAG..AGGCCTACCA]
09:24:09.455 - INFO - T_RNA - seq=contig_1, start=225500, stop=225575, strand=+, gene=trnA, product=tRNA-Ala(tgc), score=78.1, nt=[GGGGCTATAG..AGCTCCACCA]
09:24:09.455 - INFO - T_RNA - seq=contig_1, start=228928, stop=229004, strand=+, gene=trnD, product=tRNA-Asp(gtc), score=85.5, nt=[GGAGCGGTAG..CGTTCCGCCA]
09:24:09.455 - INFO - T_RNA - seq=contig_1, start=236931, stop=237007, strand=+, gene=trnD, product=tRNA-Asp(gtc), score=85.5, nt=[GGAGCGGTAG..CGTTCCGCCA]
09:24:09.455 - INFO - T_RNA - seq=contig_1, start=262871, stop=262946, strand=+, gene=trnT, product=tRNA-Thr(cgt), score=85.1, nt=[GCCGATATAG..ATCGGCACCA]
09:24:09.455 - INFO - T_RNA - seq=contig_1, start=297184, stop=297254, strand=+, gene=trnT, product=tRNA-Thr(cgt), score=44.2, nt=[GTAGTTAAAA..ATCGGCACCA]
09:24:09.455 - INFO - T_RNA - seq=contig_1, start=564723, stop=564799, strand=+, gene=trnR, product=tRNA-Arg(tct), score=86.6, nt=[GCGCCCTTAG..GGGCGCGCCA]
09:24:09.455 - INFO - T_RNA - seq=contig_1, start=586007, stop=586101, strand=+, gene=None, product=tRNA-Xxx, score=31.7, nt=[AGCGCAGAGA..GGGCGCGCCA]
09:24:09.455 - INFO - T_RNA - seq=contig_1, start=780554, stop=780629, strand=+, gene=trnK, product=tRNA-Lys(ttt), score=94.9, nt=[GGGTCGTTAG..CGACCCACCA]
09:24:09.455 - INFO - T_RNA - seq=contig_1, start=780765, stop=780840, strand=+, gene=trnV, product=tRNA-Val(tac), score=84.6, nt=[GGGTGATTAG..TCACCCACCA]
09:24:09.455 - INFO - T_RNA - seq=contig_1, start=780843, stop=780918, strand=+, gene=trnK, product=tRNA-Lys(ttt), score=94.9, nt=[GGGTCGTTAG..CGACCCACCA]
09:24:09.455 - INFO - T_RNA - seq=contig_1, start=781068, stop=781143, strand=+, gene=trnV, product=tRNA-Val(tac), score=84.6, nt=[GGGTGATTAG..TCACCCACCA]
09:24:09.455 - INFO - T_RNA - seq=contig_1, start=781147, stop=781222, strand=+, gene=trnK, product=tRNA-Lys(ttt), score=94.9, nt=[GGGTCGTTAG..CGACCCACCA]
09:24:09.455 - INFO - T_RNA - seq=contig_1, start=781369, stop=781444, strand=+, gene=trnK, product=tRNA-Lys(ttt), score=94.9, nt=[GGGTCGTTAG..CGACCCACCA]
09:24:09.455 - INFO - T_RNA - seq=contig_1, start=781577, stop=781652, strand=+, gene=trnK, product=tRNA-Lys(ttt), score=94.9, nt=[GGGTCGTTAG..CGACCCACCA]
09:24:09.455 - INFO - T_RNA - seq=contig_1, start=1746435, stop=1746511, strand=+, gene=trnV, product=tRNA-Val(gac), score=82.5, nt=[GCGTTCATAG..GAACGCACCA]
09:24:09.456 - INFO - T_RNA - seq=contig_1, start=1746516, stop=1746592, strand=+, gene=trnV, product=tRNA-Val(gac), score=85.9, nt=[GCGTCCGTAG..GGACGCACCA]
09:24:09.456 - INFO - T_RNA - seq=contig_1, start=2044549, stop=2044624, strand=+, gene=trnN, product=tRNA-Asn(gtt), score=79.7, nt=[TCCTCTGTAG..AGAGGAGCCA]
09:24:09.456 - INFO - T_RNA - seq=contig_1, start=2059851, stop=2059926, strand=+, gene=trnN, product=tRNA-Asn(gtt), score=79.7, nt=[TCCTCTGTAG..AGAGGAGCCA]
09:24:09.456 - INFO - T_RNA - seq=contig_1, start=2062260, stop=2062335, strand=+, gene=trnN, product=tRNA-Asn(gtt), score=79.7, nt=[TCCTCTGTAG..AGAGGAGCCA]
09:24:09.456 - INFO - T_RNA - seq=contig_1, start=2286211, stop=2286287, strand=+, gene=trnP, product=tRNA-Pro(ggg), score=67.3, nt=[CGGCACGTAG..GTGCCGACCA]
09:24:09.456 - INFO - T_RNA - seq=contig_1, start=2466309, stop=2466383, strand=+, gene=trnR, product=tRNA-Arg(cct), score=62.5, nt=[GTCCTCTTAG..GGGGACACCA]
09:24:09.456 - INFO - T_RNA - seq=contig_1, start=2520931, stop=2521006, strand=+, gene=trnV, product=tRNA-Val(tac), score=84.6, nt=[GGGTGATTAG..TCACCCACCA]
09:24:09.456 - INFO - T_RNA - seq=contig_1, start=2521051, stop=2521126, strand=+, gene=trnV, product=tRNA-Val(tac), score=84.6, nt=[GGGTGATTAG..TCACCCACCA]
09:24:09.456 - INFO - T_RNA - seq=contig_1, start=2521173, stop=2521248, strand=+, gene=trnV, product=tRNA-Val(tac), score=84.6, nt=[GGGTGATTAG..TCACCCACCA]
09:24:09.456 - INFO - T_RNA - seq=contig_1, start=2521253, stop=2521328, strand=+, gene=trnK, product=tRNA-Lys(ttt), score=94.9, nt=[GGGTCGTTAG..CGACCCACCA]
09:24:09.456 - INFO - T_RNA - seq=contig_1, start=2755859, stop=2755955, strand=+, gene=None, product=tRNA-Xxx, score=29.6, nt=[GTCCGCAGCT..AGCTCCACCA]
09:24:09.456 - INFO - T_RNA - seq=contig_1, start=2947387, stop=2947463, strand=+, gene=trnfM, product=tRNA-fMet(cat), score=77.5, nt=[CGCGGGGTGG..CCCGCAACCA]
09:24:09.456 - INFO - T_RNA - seq=contig_1, start=2947497, stop=2947573, strand=+, gene=trnfM, product=tRNA-fMet(cat), score=77.5, nt=[CGCGGGGTGG..CCCGCAACCA]
09:24:09.456 - INFO - T_RNA - seq=contig_1, start=2947607, stop=2947683, strand=+, gene=trnfM, product=tRNA-fMet(cat), score=77.5, nt=[CGCGGGGTGG..CCCGCAACCA]
09:24:09.456 - INFO - T_RNA - seq=contig_1, start=3110366, stop=3110441, strand=+, gene=trnF, product=tRNA-Phe(gaa), score=75.3, nt=[GCCCGGATAG..CCGGGCACCA]
09:24:09.456 - INFO - T_RNA - seq=contig_1, start=3215598, stop=3215673, strand=+, gene=trnI, product=tRNA-Ile2(cat), score=85.1, nt=[GGCCCCTTAG..GGGGCCACCA]
09:24:09.456 - INFO - T_RNA - seq=contig_1, start=3836222, stop=3836316, strand=+, gene=trnU, product=tRNA-SeC(tca), score=142.5, nt=[GGAAGATCGT..TCTTCCGCCA]
09:24:09.456 - INFO - T_RNA - seq=contig_1, start=3943435, stop=3943510, strand=+, gene=trnE, product=tRNA-Glu(ttc), score=66.6, nt=[GTCCCCTTCG..GGGGACGCCA]
09:24:09.456 - INFO - T_RNA - seq=contig_1, start=3946872, stop=3946948, strand=+, gene=trnD, product=tRNA-Asp(gtc), score=85.5, nt=[GGAGCGGTAG..CGTTCCGCCA]
09:24:09.456 - INFO - T_RNA - seq=contig_1, start=3946957, stop=3947032, strand=+, gene=trnW, product=tRNA-Trp(cca), score=79.9, nt=[AGGGGCGTAG..GCCCCTGCCA]
09:24:09.456 - INFO - T_RNA - seq=contig_1, start=3982375, stop=3982451, strand=+, gene=trnR, product=tRNA-Arg(ccg), score=82.2, nt=[GCGCCCGTAG..GGGCGCGCCA]
09:24:09.456 - INFO - T_RNA - seq=contig_1, start=3982510, stop=3982585, strand=+, gene=trnH, product=tRNA-His(gtg), score=78.7, nt=[GTGGCTATAG..AGCCACCCCA]
09:24:09.456 - INFO - T_RNA - seq=contig_1, start=3982606, stop=3982692, strand=+, gene=trnL, product=tRNA-Leu(cag), score=67.1, nt=[GCGAAGGTGG..CCTCGCACCA]
09:24:09.456 - INFO - T_RNA - seq=contig_1, start=3982735, stop=3982811, strand=+, gene=trnP, product=tRNA-Pro(tgg), score=82.4, nt=[CGGCGAGTAG..TCGCCGACCA]
09:24:09.456 - INFO - T_RNA - seq=contig_1, start=4037141, stop=4037217, strand=+, gene=trnI, product=tRNA-Ile(gat), score=75.8, nt=[AGGCTTGTAG..AGGCCTACCA]
09:24:09.456 - INFO - T_RNA - seq=contig_1, start=4037260, stop=4037335, strand=+, gene=trnA, product=tRNA-Ala(tgc), score=78.1, nt=[GGGGCTATAG..AGCTCCACCA]
09:24:09.456 - INFO - T_RNA - seq=contig_1, start=4168372, stop=4168447, strand=+, gene=trnE, product=tRNA-Glu(ttc), score=66.6, nt=[GTCCCCTTCG..GGGGACGCCA]
09:24:09.456 - INFO - T_RNA - seq=contig_1, start=4175388, stop=4175463, strand=+, gene=trnT, product=tRNA-Thr(tgt), score=81.3, nt=[GCCGACTTAG..GTCGGCACCA]
09:24:09.456 - INFO - T_RNA - seq=contig_1, start=4175472, stop=4175556, strand=+, gene=trnY, product=tRNA-Tyr(gta), score=73.0, nt=[GGTGGGGTTC..CCCACCACCA]
09:24:09.456 - INFO - T_RNA - seq=contig_1, start=4175673, stop=4175747, strand=+, gene=trnG, product=tRNA-Gly(tcc), score=70.6, nt=[GCGGGCATCG..GCCCGCTCCA]
09:24:09.456 - INFO - T_RNA - seq=contig_1, start=4175754, stop=4175829, strand=+, gene=trnT, product=tRNA-Thr(ggt), score=84.7, nt=[GCTGATATAG..ATCAGCACCA]
09:24:09.456 - INFO - T_RNA - seq=contig_1, start=4209774, stop=4209849, strand=+, gene=trnE, product=tRNA-Glu(ttc), score=66.6, nt=[GTCCCCTTCG..GGGGACGCCA]
09:24:09.456 - INFO - T_RNA - seq=contig_1, start=4392360, stop=4392435, strand=+, gene=trnG, product=tRNA-Gly(gcc), score=88.4, nt=[GCGGGAATAG..TCCCGCTCCA]
09:24:09.456 - INFO - T_RNA - seq=contig_1, start=4392472, stop=4392547, strand=+, gene=trnG, product=tRNA-Gly(gcc), score=88.4, nt=[GCGGGAATAG..TCCCGCTCCA]
09:24:09.456 - INFO - T_RNA - seq=contig_1, start=4392583, stop=4392658, strand=+, gene=trnG, product=tRNA-Gly(gcc), score=88.4, nt=[GCGGGAATAG..TCCCGCTCCA]
09:24:09.456 - INFO - T_RNA - seq=contig_1, start=4496405, stop=4496489, strand=+, gene=trnL, product=tRNA-Leu(caa), score=79.3, nt=[GCCGAAGTGG..TTCGGCACCA]
09:24:09.456 - INFO - T_RNA - seq=contig_1, start=4606315, stop=4606401, strand=-, gene=trnL, product=tRNA-Leu(cag), score=67.1, nt=[GCGAAGGTGG..CCTCGCACCA]
09:24:09.456 - INFO - T_RNA - seq=contig_1, start=4606200, stop=4606286, strand=-, gene=trnL, product=tRNA-Leu(cag), score=65.0, nt=[GCGAAGGTGG..CCTCGCACCA]
09:24:09.456 - INFO - T_RNA - seq=contig_1, start=4606079, stop=4606165, strand=-, gene=trnL, product=tRNA-Leu(cag), score=67.1, nt=[GCGAAGGTGG..CCTCGCACCA]
09:24:09.456 - INFO - T_RNA - seq=contig_1, start=4362551, stop=4362626, strand=-, gene=trnF, product=tRNA-Phe(gaa), score=75.3, nt=[GCCCGGATAG..CCGGGCACCA]
09:24:09.456 - INFO - T_RNA - seq=contig_1, start=3708616, stop=3708692, strand=-, gene=trnP, product=tRNA-Pro(cgg), score=76.0, nt=[CGGTGATTGG..TCACCGACCA]
09:24:09.456 - INFO - T_RNA - seq=contig_1, start=3427076, stop=3427152, strand=-, gene=trnI, product=tRNA-Ile(gat), score=75.8, nt=[AGGCTTGTAG..AGGCCTACCA]
09:24:09.456 - INFO - T_RNA - seq=contig_1, start=3426958, stop=3427033, strand=-, gene=trnA, product=tRNA-Ala(tgc), score=78.1, nt=[GGGGCTATAG..AGCTCCACCA]
09:24:09.456 - INFO - T_RNA - seq=contig_1, start=3423580, stop=3423655, strand=-, gene=trnT, product=tRNA-Thr(ggt), score=79.8, nt=[GCTGATATGG..ATCAGCACCA]
09:24:09.456 - INFO - T_RNA - seq=contig_1, start=3322072, stop=3322158, strand=-, gene=trnL, product=tRNA-Leu(gag), score=64.5, nt=[GCCGAGGTGG..CTCGGTACCA]
09:24:09.456 - INFO - T_RNA - seq=contig_1, start=3318213, stop=3318289, strand=-, gene=trnfM, product=tRNA-fMet(cat), score=75.5, nt=[CGCGGGGTGG..CCCGCAACCA]
09:24:09.456 - INFO - T_RNA - seq=contig_1, start=2998984, stop=2999057, strand=-, gene=trnG, product=tRNA-Gly(ccc), score=81.1, nt=[GCGGGCGTAG..GCCCGCTCCA]
09:24:09.456 - INFO - T_RNA - seq=contig_1, start=2818553, stop=2818645, strand=-, gene=trnS, product=tRNA-Ser(gct), score=83.4, nt=[GGTGAGGTGG..CTCACCGCCA]
09:24:09.456 - INFO - T_RNA - seq=contig_1, start=2818473, stop=2818549, strand=-, gene=trnR, product=tRNA-Arg(acg), score=85.1, nt=[GCATCCGTAG..GGATGCACCA]
09:24:09.456 - INFO - T_RNA - seq=contig_1, start=2818198, stop=2818274, strand=-, gene=trnR, product=tRNA-Arg(acg), score=85.1, nt=[GCATCCGTAG..GGATGCACCA]
09:24:09.456 - INFO - T_RNA - seq=contig_1, start=2818059, stop=2818135, strand=-, gene=trnR, product=tRNA-Arg(acg), score=85.1, nt=[GCATCCGTAG..GGATGCACCA]
09:24:09.456 - INFO - T_RNA - seq=contig_1, start=2817784, stop=2817860, strand=-, gene=trnR, product=tRNA-Arg(acg), score=85.1, nt=[GCATCCGTAG..GGATGCACCA]
09:24:09.456 - INFO - T_RNA - seq=contig_1, start=2785762, stop=2785837, strand=-, gene=trnI, product=tRNA-Ile2(cat), score=84.7, nt=[GGCCCTTTAG..AGGGCCACCA]
09:24:09.456 - INFO - T_RNA - seq=contig_1, start=2729369, stop=2729444, strand=-, gene=trnE, product=tRNA-Glu(ttc), score=66.6, nt=[GTCCCCTTCG..GGGGACGCCA]
09:24:09.456 - INFO - T_RNA - seq=contig_1, start=2518156, stop=2518231, strand=-, gene=trnA, product=tRNA-Ala(ggc), score=75.0, nt=[GGGGCTATAG..AGCTCCACCA]
09:24:09.456 - INFO - T_RNA - seq=contig_1, start=2518041, stop=2518116, strand=-, gene=trnA, product=tRNA-Ala(ggc), score=75.0, nt=[GGGGCTATAG..AGCTCCACCA]
09:24:09.456 - INFO - T_RNA - seq=contig_1, start=2058027, stop=2058102, strand=-, gene=trnN, product=tRNA-Asn(gtt), score=79.7, nt=[TCCTCTGTAG..AGAGGAGCCA]
09:24:09.456 - INFO - T_RNA - seq=contig_1, start=2043468, stop=2043557, strand=-, gene=trnS, product=tRNA-Ser(cga), score=90.4, nt=[GGAGAGATGC..CTCTCCGCCA]
09:24:09.456 - INFO - T_RNA - seq=contig_1, start=1992042, stop=1992117, strand=-, gene=trnG, product=tRNA-Gly(gcc), score=88.4, nt=[GCGGGAATAG..TCCCGCTCCA]
09:24:09.456 - INFO - T_RNA - seq=contig_1, start=1991914, stop=1991987, strand=-, gene=trnC, product=tRNA-Cys(gca), score=63.0, nt=[GGCGCGTTAA..CGCGCCTCCA]
09:24:09.456 - INFO - T_RNA - seq=contig_1, start=1991815, stop=1991901, strand=-, gene=trnL, product=tRNA-Leu(taa), score=71.7, nt=[GCCCGGATGG..CCGGGTACCA]
09:24:09.456 - INFO - T_RNA - seq=contig_1, start=1287538, stop=1287622, strand=-, gene=trnY, product=tRNA-Tyr(gta), score=72.2, nt=[GGTGGGGTTC..CCCACCACCA]
09:24:09.456 - INFO - T_RNA - seq=contig_1, start=1287244, stop=1287328, strand=-, gene=trnY, product=tRNA-Tyr(gta), score=72.2, nt=[GGTGGGGTTC..CCCACCACCA]
09:24:09.456 - INFO - T_RNA - seq=contig_1, start=1097565, stop=1097652, strand=-, gene=trnS, product=tRNA-Ser(gga), score=76.9, nt=[GGTGAGGTGT..CTCACCGCCA]
09:24:09.456 - INFO - T_RNA - seq=contig_1, start=1031625, stop=1031712, strand=-, gene=trnS, product=tRNA-Ser(tga), score=83.5, nt=[GGAAGTGTGG..GCTTCCGCCA]
09:24:09.456 - INFO - T_RNA - seq=contig_1, start=925884, stop=925971, strand=-, gene=trnS, product=tRNA-Ser(gga), score=76.9, nt=[GGTGAGGTGT..CTCACCGCCA]
09:24:09.456 - INFO - T_RNA - seq=contig_1, start=697057, stop=697133, strand=-, gene=trnM, product=tRNA-Met(cat), score=84.4, nt=[GGCTACGTAG..GTAGCCACCA]
09:24:09.456 - INFO - T_RNA - seq=contig_1, start=696963, stop=697047, strand=-, gene=trnL, product=tRNA-Leu(tag), score=74.1, nt=[GCGGGAGTGG..TCCCGCACCA]
09:24:09.456 - INFO - T_RNA - seq=contig_1, start=696865, stop=696939, strand=-, gene=trnQ, product=tRNA-Gln(ttg), score=70.4, nt=[TGGGGTATCG..ACCCCAGCCA]
09:24:09.456 - INFO - T_RNA - seq=contig_1, start=696756, stop=696830, strand=-, gene=trnQ, product=tRNA-Gln(ttg), score=70.4, nt=[TGGGGTATCG..ACCCCAGCCA]
09:24:09.456 - INFO - T_RNA - seq=contig_1, start=696664, stop=696740, strand=-, gene=trnM, product=tRNA-Met(cat), score=84.4, nt=[GGCTACGTAG..GTAGCCACCA]
09:24:09.456 - INFO - T_RNA - seq=contig_1, start=696542, stop=696616, strand=-, gene=trnQ, product=tRNA-Gln(ctg), score=70.8, nt=[TGGGGTATCG..ACCCCAGCCA]
09:24:09.456 - INFO - T_RNA - seq=contig_1, start=696430, stop=696504, strand=-, gene=trnQ, product=tRNA-Gln(ctg), score=70.8, nt=[TGGGGTATCG..ACCCCAGCCA]
09:24:09.456 - INFO - T_RNA - predicted=89
09:24:10.135 - INFO - TM_RNA - seq=contig_1, start=2755593, stop=2755955, strand=+, gene=ssrA, product=transfer-messenger RNA, SsrA, nt=[GGGGCTGATT..AGCTCCACCA]
09:24:10.135 - INFO - TM_RNA - predicted=1
09:24:19.807 - INFO - R_RNA - seq=contig_1, start=3941808, stop=3943349, strand=+, gene=rrs, product=16S ribosomal RNA, length=1542, coverage=1.006, truncated=None, score=1581.1, evalue=6.2e-48, nt=[AAATTGAAGA..CACCTCCTTA]
09:24:19.807 - INFO - R_RNA - seq=contig_1, start=3427221, stop=3428762, strand=-, gene=rrs, product=16S ribosomal RNA, length=1542, coverage=1.006, truncated=None, score=1579.7, evalue=6.8e-48, nt=[AAATTGAAGA..CACCTCCTTA]
09:24:19.807 - INFO - R_RNA - seq=contig_1, start=2729616, stop=2731157, strand=-, gene=rrs, product=16S ribosomal RNA, length=1542, coverage=1.006, truncated=None, score=1579.1, evalue=7.1e-48, nt=[AAATTGAAGA..CACCTCCTTA]
09:24:19.807 - INFO - R_RNA - seq=contig_1, start=4035531, stop=4037072, strand=+, gene=rrs, product=16S ribosomal RNA, length=1542, coverage=1.006, truncated=None, score=1578.1, evalue=7.5e-48, nt=[AAATTGAAGA..CACCTCCTTA]
09:24:19.807 - INFO - R_RNA - seq=contig_1, start=4166659, stop=4168200, strand=+, gene=rrs, product=16S ribosomal RNA, length=1542, coverage=1.006, truncated=None, score=1577.5, evalue=7.8e-48, nt=[AAATTGAAGA..CACCTCCTTA]
09:24:19.807 - INFO - R_RNA - seq=contig_1, start=4208147, stop=4209688, strand=+, gene=rrs, product=16S ribosomal RNA, length=1542, coverage=1.006, truncated=None, score=1577.5, evalue=7.8e-48, nt=[AAATTGAAGA..CACCTCCTTA]
09:24:19.807 - INFO - R_RNA - seq=contig_1, start=223771, stop=225312, strand=+, gene=rrs, product=16S ribosomal RNA, length=1542, coverage=1.006, truncated=None, score=1573.5, evalue=1.0e-47, nt=[AAATTGAAGA..CACCTCCTTA]
09:24:19.807 - INFO - R_RNA - seq=contig_1, start=228758, stop=228873, strand=+, gene=rrf, product=5S ribosomal RNA, length=116, coverage=0.975, truncated=None, score=92.6, evalue=2.4e-15, nt=[CCTGGCGGCC..ACTGCCAGGC]
09:24:19.807 - INFO - R_RNA - seq=contig_1, start=2726071, stop=2726186, strand=-, gene=rrf, product=5S ribosomal RNA, length=116, coverage=0.975, truncated=None, score=92.6, evalue=2.4e-15, nt=[CCTGGCGGCC..ACTGCCAGGC]
09:24:19.807 - INFO - R_RNA - seq=contig_1, start=3423670, stop=3423785, strand=-, gene=rrf, product=5S ribosomal RNA, length=116, coverage=0.975, truncated=None, score=92.6, evalue=2.4e-15, nt=[CCTGGCGGCC..ACTGCCAGGC]
09:24:19.807 - INFO - R_RNA - seq=contig_1, start=3946702, stop=3946817, strand=+, gene=rrf, product=5S ribosomal RNA, length=116, coverage=0.975, truncated=None, score=92.6, evalue=2.4e-15, nt=[CCTGGCGGCC..ACTGCCAGGC]
09:24:19.807 - INFO - R_RNA - seq=contig_1, start=4040519, stop=4040634, strand=+, gene=rrf, product=5S ribosomal RNA, length=116, coverage=0.975, truncated=None, score=90.4, evalue=6.4e-15, nt=[CCTGGCGGCA..ACTGCCAGGC]
09:24:19.807 - INFO - R_RNA - seq=contig_1, start=4171639, stop=4171754, strand=+, gene=rrf, product=5S ribosomal RNA, length=116, coverage=0.975, truncated=None, score=90.3, evalue=6.7e-15, nt=[CCTGGCGGCA..ACTGCCAGGC]
09:24:19.807 - INFO - R_RNA - seq=contig_1, start=4213042, stop=4213157, strand=+, gene=rrf, product=5S ribosomal RNA, length=116, coverage=0.975, truncated=None, score=90.3, evalue=6.7e-15, nt=[CCTGGCGGCA..ACTGCCAGGC]
09:24:19.807 - INFO - R_RNA - seq=contig_1, start=3423425, stop=3423540, strand=-, gene=rrf, product=5S ribosomal RNA, length=116, coverage=0.975, truncated=None, score=90.0, evalue=7.4e-15, nt=[TCTGGCGGCA..ACTGCCAGAC]
09:24:19.807 - INFO - R_RNA - seq=contig_1, start=2726281, stop=2729184, strand=-, gene=rrl, product=23S ribosomal RNA, length=2904, coverage=0.993, truncated=None, score=2878.5, evalue=5.1e-06, nt=[GGTTAAGCGA..GCTTAACCTT]
09:24:19.807 - INFO - R_RNA - seq=contig_1, start=4168641, stop=4171544, strand=+, gene=rrl, product=23S ribosomal RNA, length=2904, coverage=0.993, truncated=None, score=2878.5, evalue=5.1e-06, nt=[GGTTAAGCGA..GCTTAACCTT]
09:24:19.807 - INFO - R_RNA - seq=contig_1, start=4210043, stop=4212946, strand=+, gene=rrl, product=23S ribosomal RNA, length=2904, coverage=0.993, truncated=None, score=2877.8, evalue=5.1e-06, nt=[GGTTAAGCGA..GCTTAACCTT]
09:24:19.807 - INFO - R_RNA - seq=contig_1, start=225759, stop=228662, strand=+, gene=rrl, product=23S ribosomal RNA, length=2904, coverage=0.993, truncated=None, score=2876.6, evalue=5.2e-06, nt=[GGTTAAGCGA..GCTTAACCTT]
09:24:19.807 - INFO - R_RNA - seq=contig_1, start=4037519, stop=4040423, strand=+, gene=rrl, product=23S ribosomal RNA, length=2905, coverage=0.993, truncated=None, score=2873.6, evalue=5.3e-06, nt=[GGTTAAGCGA..GCTTAACCTT]
09:24:19.807 - INFO - R_RNA - seq=contig_1, start=3943704, stop=3946607, strand=+, gene=rrl, product=23S ribosomal RNA, length=2904, coverage=0.993, truncated=None, score=2871.4, evalue=5.3e-06, nt=[GGTTAAGCGA..GCTTAACCTT]
09:24:19.807 - INFO - R_RNA - seq=contig_1, start=3423880, stop=3426783, strand=-, gene=rrl, product=23S ribosomal RNA, length=2904, coverage=0.993, truncated=None, score=2863.6, evalue=5.6e-06, nt=[GGTTAAGCGA..GCTTAACCTT]
09:24:19.807 - INFO - R_RNA - predicted=22
09:24:43.451 - INFO - NC_RNA - seq=contig_1, start=1958441, stop=1958748, strand=-, gene=micL, product=MicL sRNA, length=308, truncated=None, score=381.9, evalue=2.6e-54, nt=[TATGGCCGGA..GCCTTTTTTT]
09:24:43.451 - INFO - NC_RNA - seq=contig_1, start=4019978, stop=4020229, strand=+, gene=Erse, product=Erse small RNA, length=252, truncated=None, score=319.6, evalue=3.3e-47, nt=[CCTGCGGAAC..GGCTAAATGA]
09:24:43.451 - INFO - NC_RNA - seq=contig_1, start=1622735, stop=1622948, strand=-, gene=STnc560, product=STnc560 Hfq binding RNA, length=214, truncated=None, score=281.2, evalue=9.5e-47, nt=[CATTCATTGA..TCATTAGTCA]
09:24:43.451 - INFO - NC_RNA - seq=contig_1, start=2707006, stop=2707837, strand=+, gene=asrC, product=antisense RNA of rseC mRNA, length=832, truncated=None, score=505.6, evalue=2.5e-45, nt=[ACCTGCGCCT..GGCAATGCGT]
09:24:43.452 - INFO - NC_RNA - seq=contig_1, start=1737453, stop=1737843, strand=-, gene=STnc550, product=Enterobacterial sRNA STnc550, length=391, truncated=None, score=396.6, evalue=2.5e-44, nt=[TCCATTTCAC..GCACTGATTT]
09:24:43.452 - INFO - NC_RNA - seq=contig_1, start=2653855, stop=2654158, strand=+, gene=ryfA, product=ryfA RNA, length=304, truncated=None, score=315.0, evalue=5.1e-43, nt=[GCGGCCCTTT..GGCATATTTT]
09:24:43.452 - INFO - NC_RNA - seq=contig_1, start=3121358, stop=3121579, strand=+, gene=C0719, product=C0719 RNA, length=222, truncated=None, score=298.3, evalue=1.9e-42, nt=[TATAGGCGTT..ATGTACTACC]
09:24:43.452 - INFO - NC_RNA - seq=contig_1, start=2924156, stop=2924515, strand=-, gene=csrB, product=CsrB/RsmB RNA family, length=360, truncated=None, score=380.5, evalue=1.9e-41, nt=[GAGTCAGACA..TTTTTTTATT]
09:24:43.452 - INFO - NC_RNA - seq=contig_1, start=3270216, stop=3270592, strand=-, gene=RNaseP_bact_a, product=Bacterial RNase P class A, length=377, truncated=None, score=318.4, evalue=4.6e-41, nt=[GAAGCTGACC..AGTTTCACCT]
09:24:43.452 - INFO - NC_RNA - seq=contig_1, start=4051036, stop=4051289, strand=+, gene=csrC, product=CsrC RNA family, length=254, truncated=None, score=278.8, evalue=7.3e-40, nt=[ATAGAGCGAG..TTGCTTGCTT]
09:24:43.452 - INFO - NC_RNA - seq=contig_1, start=1413556, stop=1413734, strand=+, gene=ralA, product=RalR antitoxin, length=179, truncated=None, score=225.2, evalue=4.2e-38, nt=[GAGGACTGAA..CGGTAATTTT]
09:24:43.452 - INFO - NC_RNA - seq=contig_1, start=2653515, stop=2653723, strand=+, gene=IS128, product=IS128 RNA, length=209, truncated=None, score=261.4, evalue=2.3e-36, nt=[TTTAGCGTAT..CTGGTCCGGT]
09:24:43.452 - INFO - NC_RNA - seq=contig_1, start=77367, stop=77593, strand=+, gene=sgrS, product=SgrS RNA, length=227, truncated=None, score=228.8, evalue=5.4e-36, nt=[GATGAAGCAA..GGTTTTTTTT]
09:24:43.452 - INFO - NC_RNA - seq=contig_1, start=3986432, stop=3986638, strand=+, gene=GlmZ_SraJ, product=GlmZ RNA activator of glmS mRNA, length=207, truncated=None, score=221.5, evalue=1.5e-33, nt=[GTAGATGCTC..GCGTTTTTTT]
09:24:43.452 - INFO - NC_RNA - seq=contig_1, start=2071315, stop=2071518, strand=+, gene=IS102, product=IS102 RNA, length=204, truncated=None, score=252.7, evalue=1.5e-33, nt=[ACGATCAATA..TTTATTCACC]
09:24:43.452 - INFO - NC_RNA - seq=contig_1, start=1146589, stop=1146757, strand=+, gene=sraB, product=SraB RNA, length=169, truncated=None, score=210.6, evalue=3.6e-33, nt=[TAGGCATATT..CTTTTTCTTT]
09:24:43.452 - INFO - NC_RNA - seq=contig_1, start=686681, stop=686843, strand=-, gene=sroC, product=sroC RNA, length=163, truncated=None, score=174.8, evalue=3.8e-31, nt=[ACTAATTACA..TCTTTTTTCT]
09:24:43.452 - INFO - NC_RNA - seq=contig_1, start=1085858, stop=1086051, strand=-, gene=Ysr251, product=Yersinia sRNA 251, length=194, truncated=None, score=189.2, evalue=9.7e-31, nt=[TGTAGGCATG..GAGGCGGGTT]
09:24:43.452 - INFO - NC_RNA - seq=contig_1, start=4332047, stop=4332212, strand=+, gene=STnc630, product=Enterobacterial sRNA STnc630, length=166, truncated=None, score=181.7, evalue=1.1e-30, nt=[ATTGAACTCT..TGATCTTTCT]
09:24:43.452 - INFO - NC_RNA - seq=contig_1, start=4190327, stop=4190487, strand=-, gene=sroH, product=sroH RNA, length=161, truncated=None, score=201.2, evalue=8.7e-30, nt=[GAAAATAAGA..GGTGGGTTTT]
09:24:43.452 - INFO - NC_RNA - seq=contig_1, start=581856, stop=582054, strand=+, gene=IS009, product=IS009, length=199, truncated=None, score=227.9, evalue=1.4e-29, nt=[TGAAAGATGC..ATACATCAAC]
09:24:43.452 - INFO - NC_RNA - seq=contig_1, start=1432754, stop=1432952, strand=+, gene=IS009, product=IS009, length=199, truncated=None, score=221.0, evalue=1.2e-28, nt=[TGAAGGATAC..ATACGTCAAC]
09:24:43.452 - INFO - NC_RNA - seq=contig_1, start=1634344, stop=1634542, strand=-, gene=IS009, product=IS009, length=199, truncated=None, score=221.0, evalue=1.2e-28, nt=[TGAAGGATAC..ATACGTCAAC]
09:24:43.452 - INFO - NC_RNA - seq=contig_1, start=4485199, stop=4485393, strand=+, gene=Ysr276, product=Yersinia sRNA 276, length=195, truncated=None, score=180.9, evalue=2.8e-28, nt=[CACCGACATC..GATCTTTTGC]
09:24:43.452 - INFO - NC_RNA - seq=contig_1, start=1335499, stop=1335701, strand=+, gene=STnc180, product=Enterobacterial sRNA STnc180, length=203, truncated=None, score=198.1, evalue=4.6e-27, nt=[GCTTTTAATA..TGTCATTTGC]
09:24:43.452 - INFO - NC_RNA - seq=contig_1, start=4436566, stop=4436688, strand=+, gene=ES239, product=ES239 sRNA, length=123, truncated=None, score=157.5, evalue=5.5e-27, nt=[CAGGGACATC..CAGTTGGCGC]
09:24:43.452 - INFO - NC_RNA - seq=contig_1, start=1923100, stop=1923244, strand=+, gene=SraC_RyeA, product=SraC/RyeA RNA, length=145, truncated=None, score=175.2, evalue=8.6e-27, nt=[AGATAAAAAG..TTTCCAGTTT]
09:24:43.452 - INFO - NC_RNA - seq=contig_1, start=2691193, stop=2691340, strand=-, gene=GlmY_tke1, product=Glm Y RNA activator of glmS mRNA, length=148, truncated=None, score=146.0, evalue=1.1e-26, nt=[AGTGGCTCAT..GCACCGCCTT]
09:24:43.452 - INFO - NC_RNA - seq=contig_1, start=3311227, stop=3311398, strand=+, gene=sraG, product=SraG RNA, length=172, truncated=None, score=164.3, evalue=1.4e-26, nt=[CTTCTGCGCA..GCCCCCTTTT]
09:24:43.452 - INFO - NC_RNA - seq=contig_1, start=2942696, stop=2942901, strand=+, gene=gcvB, product=GcvB RNA, length=206, truncated=None, score=199.0, evalue=1.7e-26, nt=[ACTTCCTGAG..GCTTTTTTTT]
09:24:43.452 - INFO - NC_RNA - seq=contig_1, start=303611, stop=303810, strand=+, gene=IS009, product=IS009, length=200, truncated=None, score=202.4, evalue=3.6e-26, nt=[TGAATGATAA..ACGAAGCCCC]
09:24:43.452 - INFO - NC_RNA - seq=contig_1, start=4158285, stop=4158394, strand=-, gene=oxyS, product=OxyS RNA, length=110, truncated=None, score=139.3, evalue=3.7e-26, nt=[GAAACGGAGC..AGGATCCGCT]
09:24:43.452 - INFO - NC_RNA - seq=contig_1, start=3915284, stop=3915441, strand=+, gene=STnc410, product=Enterobacterial sRNA STnc410, length=158, truncated=None, score=188.4, evalue=5.4e-26, nt=[AGGATAAATT..ACAGGAAAAC]
09:24:43.452 - INFO - NC_RNA - seq=contig_1, start=3055983, stop=3056166, strand=+, gene=6S, product=6S / SsrS RNA, length=184, truncated=None, score=139.9, evalue=1.1e-25, nt=[ATTTCTCTGA..CGGAGATTCC]
09:24:43.452 - INFO - NC_RNA - seq=contig_1, start=3664861, stop=3664974, strand=+, gene=gadY, product=GadY, length=114, truncated=None, score=150.0, evalue=1.3e-25, nt=[CTTACTGAGA..TTTTTATGTC]
09:24:43.452 - INFO - NC_RNA - seq=contig_1, start=3853118, stop=3853247, strand=-, gene=istR, product=istR Hfq binding RNA, length=130, truncated=None, score=150.2, evalue=1.7e-25, nt=[CGTCAAAATT..GGGGTTTTTT]
09:24:43.452 - INFO - NC_RNA - seq=contig_1, start=4277926, stop=4278066, strand=-, gene=sraL, product=sraL Hfq binding RNA, length=141, truncated=None, score=153.4, evalue=1.5e-24, nt=[ATCAACACCA..CTTTAGTTTT]
09:24:43.453 - INFO - NC_RNA - seq=contig_1, start=2153275, stop=2153423, strand=+, gene=SIB_RNA, product=Short Intergenic Abundant RNA, length=149, truncated=None, score=149.6, evalue=1.6e-24, nt=[TTGACACTAA..TTTCCTTATT]
09:24:43.453 - INFO - NC_RNA - seq=contig_1, start=3194751, stop=3194900, strand=-, gene=SIB_RNA, product=Short Intergenic Abundant RNA, length=150, truncated=None, score=147.8, evalue=3.3e-24, nt=[TTGACGCTGA..TTTCCTTCTG]
09:24:43.453 - INFO - NC_RNA - seq=contig_1, start=4058218, stop=4058325, strand=+, gene=ES222, product=ES222 sRNA, length=108, truncated=None, score=135.4, evalue=1.6e-23, nt=[AGTGCTTCAA..ACTTGTTTGC]
09:24:43.453 - INFO - NC_RNA - seq=contig_1, start=1409129, stop=1409246, strand=+, gene=frnS, product=Fumarate/nitrate reductase regulator sRNA, length=118, truncated=None, score=134.9, evalue=1.6e-23, nt=[GCAGGTGAAT..GTCGGCTTTT]
09:24:43.453 - INFO - NC_RNA - seq=contig_1, start=3195126, stop=3195275, strand=-, gene=SIB_RNA, product=Short Intergenic Abundant RNA, length=150, truncated=None, score=142.2, evalue=3.3e-23, nt=[TTGACGCTGT..TTTCCTTATA]
09:24:43.453 - INFO - NC_RNA - seq=contig_1, start=2153610, stop=2153752, strand=+, gene=SIB_RNA, product=Short Intergenic Abundant RNA, length=143, truncated=None, score=142.1, evalue=3.5e-23, nt=[TTGACAATCT..TTTCCTTATT]
09:24:43.453 - INFO - NC_RNA - seq=contig_1, start=2734154, stop=2734292, strand=-, gene=Ysr155_RyfD, product=Yersinia sRNA 155(RyfD), length=139, truncated=None, score=125.4, evalue=7.1e-23, nt=[CAAGACGATC..ATCGTCTTAC]
09:24:43.453 - INFO - NC_RNA - seq=contig_1, start=190685, stop=190794, strand=+, gene=CssrA, product=Chromosome-encoded Shigella sRNA A, length=110, truncated=None, score=136.3, evalue=2.3e-22, nt=[ACCGGGATGA..TATGGCCCCC]
09:24:43.453 - INFO - NC_RNA - seq=contig_1, start=2640595, stop=2640686, strand=-, gene=sroE, product=sroE RNA, length=92, truncated=None, score=116.7, evalue=2.4e-22, nt=[ATAACGTGAT..TCATTTTTAT]
09:24:43.453 - INFO - NC_RNA - seq=contig_1, start=4049889, stop=4050007, strand=+, gene=Spot_42, product=Spot 42 RNA, length=119, truncated=None, score=122.8, evalue=2.5e-22, nt=[AGTTAGTCGC..GCGTTTTTTA]
09:24:43.453 - INFO - NC_RNA - seq=contig_1, start=3943588, stop=3943696, strand=+, gene=StyR-44, product=Salmonella enterica Typhi npcRNA 44, length=109, truncated=None, score=125.0, evalue=9.2e-22, nt=[CTTTAAAAAT..ACATCTTCGG]
09:24:43.453 - INFO - NC_RNA - seq=contig_1, start=4037403, stop=4037511, strand=+, gene=StyR-44, product=Salmonella enterica Typhi npcRNA 44, length=109, truncated=None, score=125.0, evalue=9.2e-22, nt=[CTTTAAAAAT..ACATCTTCGG]
09:24:43.453 - INFO - NC_RNA - seq=contig_1, start=4209927, stop=4210035, strand=+, gene=StyR-44, product=Salmonella enterica Typhi npcRNA 44, length=109, truncated=None, score=125.0, evalue=9.2e-22, nt=[CTTTAAAAAT..ACATCTTCGG]
09:24:43.453 - INFO - NC_RNA - seq=contig_1, start=3056815, stop=3056965, strand=+, gene=SIB_RNA, product=Short Intergenic Abundant RNA, length=151, truncated=None, score=133.9, evalue=1.0e-21, nt=[TTGACATCGT..TCTCCTTCAA]
09:24:43.453 - INFO - NC_RNA - seq=contig_1, start=4168525, stop=4168633, strand=+, gene=StyR-44, product=Salmonella enterica Typhi npcRNA 44, length=109, truncated=None, score=123.0, evalue=2.3e-21, nt=[CTTTAAAAAT..ACATCTTCGG]
09:24:43.453 - INFO - NC_RNA - seq=contig_1, start=1405656, stop=1405751, strand=-, gene=mcaS, product=McaS/IsrA RNA, length=96, truncated=None, score=118.4, evalue=2.7e-21, nt=[ACCGGCGCAG..ATTTTTTTAT]
09:24:43.453 - INFO - NC_RNA - seq=contig_1, start=1103252, stop=1103343, strand=-, gene=ES056, product=ES056 sRNA, length=92, truncated=None, score=119.8, evalue=2.7e-21, nt=[AGATGTAATC..TCTGGTGCTT]
09:24:43.453 - INFO - NC_RNA - seq=contig_1, start=225643, stop=225751, strand=+, gene=StyR-44, product=Salmonella enterica Typhi npcRNA 44, length=109, truncated=None, score=122.0, evalue=3.6e-21, nt=[CTTTAAAAAT..ACATCTTCGG]
09:24:43.453 - INFO - NC_RNA - seq=contig_1, start=1437118, stop=1437238, strand=+, gene=micC, product=MicC RNA, length=121, truncated=None, score=125.0, evalue=5.7e-21, nt=[CGGGTTATAT..TTTAGAATTG]
09:24:43.453 - INFO - NC_RNA - seq=contig_1, start=940734, stop=940868, strand=-, gene=STnc130, product=Enterobacteria sRNA STnc130, length=135, truncated=None, score=140.2, evalue=7.2e-21, nt=[TACATCGAAT..TTTAGATTCA]
09:24:43.453 - INFO - NC_RNA - seq=contig_1, start=1888017, stop=1888102, strand=-, gene=sroD, product=sroD RNA, length=86, truncated=None, score=115.3, evalue=3.3e-20, nt=[TTACGTGACG..GCGTTTTTTT]
09:24:43.453 - INFO - NC_RNA - seq=contig_1, start=3350577, stop=3350684, strand=+, gene=arcZ, product=ArcZ RNA, length=108, truncated=None, score=120.9, evalue=6.6e-20, nt=[GTGCGGCCTG..CGGTCTAGCC]
09:24:43.453 - INFO - NC_RNA - seq=contig_1, start=3883139, stop=3883219, strand=+, gene=asdA, product=antisense RNA of dnaA mRNA, length=81, truncated=None, score=102.0, evalue=7.3e-20, nt=[TTTGGCATTC..TGCCGCCATA]
09:24:43.453 - INFO - NC_RNA - seq=contig_1, start=1230629, stop=1230707, strand=+, gene=C0299, product=C0299 RNA, length=79, truncated=None, score=112.0, evalue=1.2e-19, nt=[GCCACGTGAG..ATCAGTATTG]
09:24:43.453 - INFO - NC_RNA - seq=contig_1, start=16901, stop=17053, strand=-, gene=sok, product=sok antitoxin (CssrC), length=153, truncated=None, score=118.4, evalue=1.5e-19, nt=[GGGTGCTTGA..GAGAGCAATG]
09:24:43.453 - INFO - NC_RNA - seq=contig_1, start=2700520, stop=2700596, strand=+, gene=ohsC_RNA, product=Oppression of Hydrophobic ORF by sRNA, length=77, truncated=None, score=106.9, evalue=2.8e-19, nt=[GTTGAGGGTG..GTTTTACTTT]
09:24:43.453 - INFO - NC_RNA - seq=contig_1, start=887976, stop=888054, strand=-, gene=rybB, product=RybB RNA, length=79, truncated=None, score=105.4, evalue=5.7e-19, nt=[ACTGCTTTTC..GTTTTTTGTT]
09:24:43.453 - INFO - NC_RNA - seq=contig_1, start=1270393, stop=1270458, strand=+, gene=rdlD, product=rdlD antitoxin, length=66, truncated=None, score=91.9, evalue=5.8e-19, nt=[GTCTGGTTTC..GGGGTTTTCT]
09:24:43.453 - INFO - NC_RNA - seq=contig_1, start=1972739, stop=1972816, strand=+, gene=C0465, product=C0465 RNA, length=78, truncated=None, score=111.7, evalue=7.4e-19, nt=[GGGAAACTTT..GTTCATTTCA]
09:24:43.453 - INFO - NC_RNA - seq=contig_1, start=1269858, stop=1269923, strand=+, gene=rdlD, product=rdlD antitoxin, length=66, truncated=None, score=91.5, evalue=7.6e-19, nt=[GTCTGGTTTC..GGGGTTTTCT]
09:24:43.453 - INFO - NC_RNA - seq=contig_1, start=122901, stop=123014, strand=-, gene=tp2, product=tp2, length=114, truncated=None, score=103.4, evalue=1.2e-18, nt=[GTTATTCCTT..TTTATATGCG]
09:24:43.453 - INFO - NC_RNA - seq=contig_1, start=2025227, stop=2025313, strand=-, gene=dsrA, product=DsrA RNA, length=87, truncated=None, score=102.5, evalue=1.4e-18, nt=[AACACATCAG..GTCGGGATTT]
09:24:43.453 - INFO - NC_RNA - seq=contig_1, start=1923104, stop=1923203, strand=-, gene=SdsR_RyeB, product=SdsR_RyeB RNA, length=100, truncated=None, score=114.5, evalue=2.0e-18, nt=[AGGCAACTAA..GTCTCTTTTT]
09:24:43.453 - INFO - NC_RNA - seq=contig_1, start=2313083, stop=2313176, strand=+, gene=micF, product=MicF RNA, length=94, truncated=None, score=114.5, evalue=3.1e-18, nt=[CGCTATCATC..GGTTTTTTTT]
09:24:43.454 - INFO - NC_RNA - seq=contig_1, start=3426791, stop=3426890, strand=-, gene=StyR-44, product=Salmonella enterica Typhi npcRNA 44, length=100, truncated=None, score=107.0, evalue=3.7e-18, nt=[CTTTAAAAAT..ACATCTTCGG]
09:24:43.454 - INFO - NC_RNA - seq=contig_1, start=1492066, stop=1492217, strand=-, gene=sok, product=sok antitoxin (CssrC), length=152, truncated=None, score=109.8, evalue=5.4e-18, nt=[GGGTGCCTGA..GGCTATGAAG]
09:24:43.454 - INFO - NC_RNA - seq=contig_1, start=2729192, stop=2729291, strand=-, gene=StyR-44, product=Salmonella enterica Typhi npcRNA 44, length=100, truncated=None, score=105.3, evalue=7.8e-18, nt=[CTTTAAAAAT..ACATCTTCGG]
09:24:43.454 - INFO - NC_RNA - seq=contig_1, start=1491443, stop=1491506, strand=-, gene=rydC, product=RydC RNA, length=64, truncated=None, score=92.5, evalue=8.2e-18, nt=[CTTCCGATGT..GCGTTTTCTT]
09:24:43.454 - INFO - NC_RNA - seq=contig_1, start=3700136, stop=3700201, strand=+, gene=rdlD, product=rdlD antitoxin, length=66, truncated=None, score=87.1, evalue=8.2e-18, nt=[GTCTAGAGTC..GGGGTTTTCT]
09:24:43.454 - INFO - NC_RNA - seq=contig_1, start=1269323, stop=1269388, strand=+, gene=rdlD, product=rdlD antitoxin, length=66, truncated=None, score=86.4, evalue=1.2e-17, nt=[GTTCTGGTTC..GGGGTTTTCT]
09:24:43.454 - INFO - NC_RNA - seq=contig_1, start=3659011, stop=3659082, strand=+, gene=ES205, product=ES205 sRNA, length=72, truncated=None, score=105.1, evalue=1.2e-17, nt=[GTATCCACCA..CATTTTTTTT]
09:24:43.454 - INFO - NC_RNA - seq=contig_1, start=1770372, stop=1770479, strand=+, gene=rprA, product=RprA RNA, length=108, truncated=None, score=118.5, evalue=1.3e-17, nt=[ACGGTTATAA..TTTTTTTTAA]
09:24:43.454 - INFO - NC_RNA - seq=contig_1, start=4326005, stop=4326081, strand=-, gene=naRNA4, product=Nucleoid-associated noncoding RNA 4 (CssrE), length=77, truncated=None, score=111.0, evalue=1.4e-17, nt=[GGCCGGATAA..TTATCAGGCC]
09:24:43.454 - INFO - NC_RNA - seq=contig_1, start=4326205, stop=4326281, strand=-, gene=naRNA4, product=Nucleoid-associated noncoding RNA 4 (CssrE), length=77, truncated=None, score=111.0, evalue=1.4e-17, nt=[GGCCGGATAA..TTATCAGGCC]
09:24:43.454 - INFO - NC_RNA - seq=contig_1, start=4325905, stop=4325981, strand=-, gene=naRNA4, product=Nucleoid-associated noncoding RNA 4 (CssrE), length=77, truncated=None, score=110.9, evalue=1.5e-17, nt=[GGCCGGATAA..TTATCAGGCC]
09:24:43.454 - INFO - NC_RNA - seq=contig_1, start=3156521, stop=3156584, strand=+, gene=ES173, product=ES173 sRNA, length=64, truncated=None, score=99.0, evalue=3.5e-17, nt=[TTTTTACGCC..ACACCTCACC]
09:24:43.454 - INFO - NC_RNA - seq=contig_1, start=458721, stop=458816, strand=-, gene=sraA, product=sraA, length=96, truncated=None, score=106.8, evalue=3.5e-17, nt=[ATGTACGTCA..TTGGTTAACT]
09:24:43.454 - INFO - NC_RNA - seq=contig_1, start=105224, stop=105313, strand=+, gene=PssrA, product=Plasmid-encoded Shigella sRNA A, length=90, truncated=None, score=105.5, evalue=3.7e-17, nt=[TGGCTGCGAA..TATGTTTGAA]
09:24:43.454 - INFO - NC_RNA - seq=contig_1, start=3648294, stop=3648377, strand=+, gene=agrB, product=ArsR-gov region gene B, length=84, truncated=None, score=108.4, evalue=3.7e-17, nt=[TTAGATAAGA..GTTTTTTTAC]
09:24:43.454 - INFO - NC_RNA - seq=contig_1, start=2976102, stop=2976189, strand=-, gene=OmrA-B, product=OmrA-B family, length=88, truncated=None, score=96.7, evalue=3.8e-17, nt=[CCCAGAGGTA..GGTTTTTTTT]
09:24:43.454 - INFO - NC_RNA - seq=contig_1, start=2204409, stop=2204484, strand=+, gene=OrzO-P, product=OrzO-P RNA antitoxin family, length=76, truncated=None, score=100.0, evalue=4.3e-17, nt=[CACGATGTTG..AGGTTTTTTT]
09:24:43.454 - INFO - NC_RNA - seq=contig_1, start=4579835, stop=4579911, strand=+, gene=symR, product=SymR antitoxin, length=77, truncated=None, score=95.3, evalue=5.2e-17, nt=[AGTCATAACT..GCACCGCGCT]
09:24:43.454 - INFO - NC_RNA - seq=contig_1, start=1746554, stop=1746716, strand=-, gene=HPnc0260, product=Bacterial antisense RNA HPnc0260, length=163, truncated=None, score=112.1, evalue=6.5e-17, nt=[TGTAACAAAG..ACCCCCACCA]
09:24:43.454 - INFO - NC_RNA - seq=contig_1, start=2887299, stop=2887455, strand=-, gene=sok, product=sok antitoxin (CssrC), length=157, truncated=None, score=103.8, evalue=6.6e-17, nt=[GGGTGCTTGA..TATATCACTG]
09:24:43.454 - INFO - NC_RNA - seq=contig_1, start=4326105, stop=4326181, strand=-, gene=naRNA4, product=Nucleoid-associated noncoding RNA 4 (CssrE), length=77, truncated=None, score=106.9, evalue=7.8e-17, nt=[GGCCGGATAA..TTATCAGGCC]
09:24:43.454 - INFO - NC_RNA - seq=contig_1, start=4325805, stop=4325881, strand=-, gene=naRNA4, product=Nucleoid-associated noncoding RNA 4 (CssrE), length=77, truncated=None, score=106.8, evalue=8.2e-17, nt=[GGCCGGATAA..TTATCAGGCC]
09:24:43.454 - INFO - NC_RNA - seq=contig_1, start=3648063, stop=3648146, strand=+, gene=agrB, product=ArsR-gov region gene B, length=84, truncated=None, score=106.3, evalue=9.1e-17, nt=[TTAGATGATG..GTTTTTTTAC]
09:24:43.454 - INFO - NC_RNA - seq=contig_1, start=2167112, stop=2167197, strand=+, gene=CyaR_RyeE, product=CyaR/Rye RNA, length=86, truncated=None, score=100.8, evalue=1.3e-15, nt=[TCGCTGAAAA..GGGCTTATTT]
09:24:43.454 - INFO - NC_RNA - seq=contig_1, start=29551, stop=29603, strand=+, gene=ES003, product=ES003 sRNA, length=53, truncated=None, score=87.5, evalue=2.8e-15, nt=[GTTTGCCAGA..GTCATCATTG]
09:24:43.455 - INFO - NC_RNA - seq=contig_1, start=1764708, stop=1764768, strand=-, gene=rydB, product=rydB RNA, length=61, truncated=None, score=81.4, evalue=3.5e-15, nt=[GCCCCTTCAA..GGTAGAAACC]
09:24:43.455 - INFO - NC_RNA - seq=contig_1, start=2976304, stop=2976385, strand=-, gene=OmrA-B, product=OmrA-B family, length=82, truncated=None, score=86.2, evalue=5.8e-15, nt=[CCCAGAGGTA..GGTTTTTTTT]
09:24:43.455 - INFO - NC_RNA - seq=contig_1, start=4180930, stop=4180991, strand=+, gene=P26, product=Pseudomonas sRNA P26, length=62, truncated=None, score=74.6, evalue=8.8e-15, nt=[ACCCTTCCGG..TCACCAGCCT]
09:24:43.455 - INFO - NC_RNA - seq=contig_1, start=4326305, stop=4326381, strand=-, gene=naRNA4, product=Nucleoid-associated noncoding RNA 4 (CssrE), length=77, truncated=None, score=95.1, evalue=1.1e-14, nt=[AGCCGGATAA..TTATCAGGCC]
09:24:43.455 - INFO - NC_RNA - seq=contig_1, start=4441277, stop=4441334, strand=-, gene=STnc450, product=Enterobacterial sRNA STnc450, length=58, truncated=None, score=77.3, evalue=1.2e-14, nt=[CGCTATACTA..TTCAATGTGT]
09:24:43.455 - INFO - NC_RNA - seq=contig_1, start=2814802, stop=2814873, strand=+, gene=micA, product=MicA sRNA, length=72, truncated=None, score=83.9, evalue=2.2e-14, nt=[GAAAGACGCG..GTGGCCTTTT]
09:24:43.455 - INFO - NC_RNA - seq=contig_1, start=216058, stop=216134, strand=+, gene=naRNA4, product=Nucleoid-associated noncoding RNA 4 (CssrE), length=77, truncated=None, score=92.8, evalue=2.8e-14, nt=[GGCCGGATAA..TTATCATGCC]
09:24:43.455 - INFO - NC_RNA - seq=contig_1, start=2592981, stop=2593057, strand=+, gene=naRNA4, product=Nucleoid-associated noncoding RNA 4 (CssrE), length=77, truncated=None, score=92.8, evalue=2.8e-14, nt=[GGCCGGATAA..TTATCAGGCC]
09:24:43.455 - INFO - NC_RNA - seq=contig_1, start=3139624, stop=3139700, strand=+, gene=naRNA4, product=Nucleoid-associated noncoding RNA 4 (CssrE), length=77, truncated=None, score=92.6, evalue=3.1e-14, nt=[GGCCGGATAA..TTATCAGGCC]
09:24:43.455 - INFO - NC_RNA - seq=contig_1, start=4027473, stop=4027550, strand=+, gene=naRNA4, product=Nucleoid-associated noncoding RNA 4 (CssrE), length=78, truncated=None, score=92.2, evalue=3.7e-14, nt=[GGCCGGATAA..TTATCAGGCC]
09:24:43.455 - INFO - NC_RNA - seq=contig_1, start=1649383, stop=1649434, strand=+, gene=dicF, product=DicF RNA, length=52, truncated=None, score=76.8, evalue=4.3e-14, nt=[TTCTGGTGAC..TCTGCCGCCC]
09:24:43.455 - INFO - NC_RNA - seq=contig_1, start=110960, stop=111029, strand=+, gene=STnc40, product=Salmonella enterica sRNA STnc40, length=70, truncated=None, score=84.1, evalue=4.5e-14, nt=[GCAGTGCCAT..CGCCTTTTTT]
09:24:43.455 - INFO - NC_RNA - seq=contig_1, start=508686, stop=508763, strand=+, gene=naRNA4, product=Nucleoid-associated noncoding RNA 4 (CssrE), length=78, truncated=None, score=89.4, evalue=1.2e-13, nt=[GGCCGGATAA..TTATCAGGCC]
09:24:43.455 - INFO - NC_RNA - seq=contig_1, start=2033649, stop=2033738, strand=+, gene=rseX, product=rseX Hfq binding RNA, length=90, truncated=None, score=97.8, evalue=1.4e-13, nt=[TTTTTATTAT..GGCTTTTTTT]
09:24:43.455 - INFO - NC_RNA - seq=contig_1, start=758412, stop=758482, strand=-, gene=naRNA4, product=Nucleoid-associated noncoding RNA 4 (CssrE), length=71, truncated=None, score=88.4, evalue=1.8e-13, nt=[GGCCGGATAA..TTATCAGGCC]
09:24:43.455 - INFO - NC_RNA - seq=contig_1, start=2236603, stop=2236680, strand=-, gene=naRNA4, product=Nucleoid-associated noncoding RNA 4 (CssrE), length=78, truncated=None, score=88.3, evalue=1.9e-13, nt=[GGCCGGATAA..TTATCCGGCC]
09:24:43.455 - INFO - NC_RNA - seq=contig_1, start=607689, stop=607844, strand=+, gene=sok, product=sok antitoxin (CssrC), length=156, truncated=None, score=84.5, evalue=2.1e-13, nt=[GGGTGCCTGA..CATGCTGACG]
09:24:43.455 - INFO - NC_RNA - seq=contig_1, start=189760, stop=189846, strand=+, gene=t44, product=t44 RNA, length=87, truncated=None, score=83.6, evalue=2.6e-13, nt=[CTCACTTTGT..GAGGCATAAC]
09:24:43.455 - INFO - NC_RNA - seq=contig_1, start=543188, stop=543254, strand=+, gene=STnc480, product=Enterobacterial sRNA STnc480, length=67, truncated=None, score=87.7, evalue=2.9e-13, nt=[TTACAAAAAA..AGGCGAGTGG]
09:24:43.455 - INFO - NC_RNA - seq=contig_1, start=375186, stop=375263, strand=-, gene=naRNA4, product=Nucleoid-associated noncoding RNA 4 (CssrE), length=78, truncated=None, score=87.2, evalue=2.9e-13, nt=[GGCCGGATAA..TTATCAGGCC]
09:24:43.455 - INFO - NC_RNA - seq=contig_1, start=14090, stop=14167, strand=+, gene=tpke11, product=tpke11, length=78, truncated=None, score=69.6, evalue=4.0e-13, nt=[AACGGGTAAT..TTTAAAAAAG]
09:24:43.455 - INFO - NC_RNA - seq=contig_1, start=4457188, stop=4457265, strand=+, gene=naRNA4, product=Nucleoid-associated noncoding RNA 4 (CssrE), length=78, truncated=None, score=86.0, evalue=4.9e-13, nt=[GGCCGGATAA..TTATCAGGCC]
09:24:43.455 - INFO - NC_RNA - seq=contig_1, start=3580923, stop=3580987, strand=-, gene=ryhB, product=RyhB RNA, length=65, truncated=None, score=83.2, evalue=5.1e-13, nt=[GAAAGCACGA..GCTTTTTTTT]
09:24:43.455 - INFO - NC_RNA - seq=contig_1, start=4218439, stop=4218516, strand=+, gene=naRNA4, product=Nucleoid-associated noncoding RNA 4 (CssrE), length=78, truncated=None, score=85.7, evalue=5.6e-13, nt=[GGCCGGATAA..TTATCATGCC]
09:24:43.455 - INFO - NC_RNA - seq=contig_1, start=375085, stop=375162, strand=-, gene=naRNA4, product=Nucleoid-associated noncoding RNA 4 (CssrE), length=78, truncated=None, score=85.0, evalue=7.4e-13, nt=[GGCCGGATAA..TTATCAGGCC]
09:24:43.455 - INFO - NC_RNA - seq=contig_1, start=4249324, stop=4249394, strand=+, gene=naRNA4, product=Nucleoid-associated noncoding RNA 4 (CssrE), length=71, truncated=None, score=84.4, evalue=9.5e-13, nt=[GGCCGGATAA..TTATCAGGCC]
09:24:43.455 - INFO - NC_RNA - seq=contig_1, start=4285305, stop=4285375, strand=+, gene=naRNA4, product=Nucleoid-associated noncoding RNA 4 (CssrE), length=71, truncated=None, score=84.2, evalue=1.1e-12, nt=[GGCCGGATAA..TTATCAGGCC]
09:24:43.455 - INFO - NC_RNA - seq=contig_1, start=507204, stop=507287, strand=+, gene=sroB, product=sroB RNA, length=84, truncated=None, score=81.9, evalue=2.9e-12, nt=[ACACCGTCGC..CCATTTTTTT]
09:24:43.455 - INFO - NC_RNA - seq=contig_1, start=2316837, stop=2316913, strand=-, gene=naRNA4, product=Nucleoid-associated noncoding RNA 4 (CssrE), length=77, truncated=None, score=80.5, evalue=5.0e-12, nt=[GGCCGGATAA..TTATCTGGCC]
09:24:43.455 - INFO - NC_RNA - seq=contig_1, start=4614563, stop=4614641, strand=+, gene=naRNA4, product=Nucleoid-associated noncoding RNA 4 (CssrE), length=79, truncated=None, score=80.3, evalue=5.4e-12, nt=[GGCCGGATAA..TTATCAGGCC]
09:24:43.455 - INFO - NC_RNA - seq=contig_1, start=4027375, stop=4027452, strand=+, gene=naRNA4, product=Nucleoid-associated noncoding RNA 4 (CssrE), length=78, truncated=None, score=80.3, evalue=5.4e-12, nt=[GGCCGGATAA..TTATCGTGCC]
09:24:43.455 - INFO - NC_RNA - seq=contig_1, start=508585, stop=508662, strand=+, gene=naRNA4, product=Nucleoid-associated noncoding RNA 4 (CssrE), length=78, truncated=None, score=79.9, evalue=6.3e-12, nt=[GGCCGGATAA..TTATCAGGCC]
09:24:43.455 - INFO - NC_RNA - seq=contig_1, start=411134, stop=411213, strand=+, gene=naRNA4, product=Nucleoid-associated noncoding RNA 4 (CssrE), length=80, truncated=None, score=79.8, evalue=6.7e-12, nt=[GGCCGGATAA..TTATCAGGCC]
09:24:43.455 - INFO - NC_RNA - seq=contig_1, start=377391, stop=377468, strand=+, gene=naRNA4, product=Nucleoid-associated noncoding RNA 4 (CssrE), length=78, truncated=None, score=79.7, evalue=7.0e-12, nt=[GACCGGATAA..TTATCAGGCC]
09:24:43.455 - INFO - NC_RNA - seq=contig_1, start=4235424, stop=4235494, strand=+, gene=naRNA4, product=Nucleoid-associated noncoding RNA 4 (CssrE), length=71, truncated=None, score=79.6, evalue=7.3e-12, nt=[GGCCGGATAA..TTATCAGGCC]
09:24:43.455 - INFO - NC_RNA - seq=contig_1, start=374984, stop=375061, strand=-, gene=naRNA4, product=Nucleoid-associated noncoding RNA 4 (CssrE), length=78, truncated=None, score=79.3, evalue=8.0e-12, nt=[GGCCGGATAA..TTATCAGACC]
09:24:43.455 - INFO - NC_RNA - seq=contig_1, start=3203195, stop=3203265, strand=-, gene=naRNA4, product=Nucleoid-associated noncoding RNA 4 (CssrE), length=71, truncated=None, score=79.3, evalue=8.1e-12, nt=[GGCCGAATAA..TTATCAGGCC]
09:24:43.455 - INFO - NC_RNA - seq=contig_1, start=837588, stop=837658, strand=-, gene=naRNA4, product=Nucleoid-associated noncoding RNA 4 (CssrE), length=71, truncated=None, score=78.4, evalue=1.2e-11, nt=[GGACGGATAA..TTATCAGGCC]
09:24:43.455 - INFO - NC_RNA - seq=contig_1, start=111549, stop=111626, strand=+, gene=naRNA4, product=Nucleoid-associated noncoding RNA 4 (CssrE), length=78, truncated=None, score=78.3, evalue=1.2e-11, nt=[GGTCGGATAA..TTATCAGGCC]
09:24:43.455 - INFO - NC_RNA - seq=contig_1, start=4103510, stop=4103587, strand=-, gene=naRNA4, product=Nucleoid-associated noncoding RNA 4 (CssrE), length=78, truncated=None, score=78.0, evalue=1.4e-11, nt=[GGCAGGATAA..TTATCAGGCC]
09:24:43.455 - INFO - NC_RNA - seq=contig_1, start=111433, stop=111509, strand=+, gene=naRNA4, product=Nucleoid-associated noncoding RNA 4 (CssrE), length=77, truncated=None, score=77.9, evalue=1.5e-11, nt=[GGTCAGATAA..TTATCAGGCC]
09:24:43.455 - INFO - NC_RNA - seq=contig_1, start=2316951, stop=2317027, strand=-, gene=naRNA4, product=Nucleoid-associated noncoding RNA 4 (CssrE), length=77, truncated=None, score=77.6, evalue=1.7e-11, nt=[GGACGGATAA..TTATCTGGCC]
09:24:43.455 - INFO - NC_RNA - seq=contig_1, start=740988, stop=741030, strand=+, gene=ES036, product=ES036 (CssrF) sRNA, length=43, truncated=None, score=75.2, evalue=1.7e-11, nt=[AAATTTGTGC..ACGTAGGCCT]
09:24:43.455 - INFO - NC_RNA - seq=contig_1, start=339811, stop=339880, strand=-, gene=naRNA4, product=Nucleoid-associated noncoding RNA 4 (CssrE), length=70, truncated=None, score=77.5, evalue=1.7e-11, nt=[GGCCGGATAA..TTATCAGGCC]
09:24:43.455 - INFO - NC_RNA - seq=contig_1, start=339997, stop=340066, strand=-, gene=naRNA4, product=Nucleoid-associated noncoding RNA 4 (CssrE), length=70, truncated=None, score=77.5, evalue=1.7e-11, nt=[GGCCGGATAA..TTATCAGGCC]
09:24:43.455 - INFO - NC_RNA - seq=contig_1, start=3392129, stop=3392198, strand=-, gene=naRNA4, product=Nucleoid-associated noncoding RNA 4 (CssrE), length=70, truncated=None, score=77.3, evalue=1.9e-11, nt=[GGTCGGATAA..TTATCAGGCC]
09:24:43.455 - INFO - NC_RNA - seq=contig_1, start=4614462, stop=4614540, strand=+, gene=naRNA4, product=Nucleoid-associated noncoding RNA 4 (CssrE), length=79, truncated=None, score=77.2, evalue=1.9e-11, nt=[GGCCGGATAA..TTATCATGCC]
09:24:43.455 - INFO - NC_RNA - seq=contig_1, start=4094319, stop=4094389, strand=+, gene=naRNA4, product=Nucleoid-associated noncoding RNA 4 (CssrE), length=71, truncated=None, score=77.1, evalue=2.1e-11, nt=[GGCCGGATAA..TTATCAGGCC]
09:24:43.455 - INFO - NC_RNA - seq=contig_1, start=248203, stop=248280, strand=+, gene=naRNA4, product=Nucleoid-associated noncoding RNA 4 (CssrE), length=78, truncated=None, score=77.1, evalue=2.1e-11, nt=[GGCCGGATAA..TTATCATGCC]
09:24:43.455 - INFO - NC_RNA - seq=contig_1, start=4296024, stop=4296094, strand=+, gene=naRNA4, product=Nucleoid-associated noncoding RNA 4 (CssrE), length=71, truncated=None, score=77.0, evalue=2.1e-11, nt=[GGTCGGATAA..TTATCAGGCC]
09:24:43.455 - INFO - NC_RNA - seq=contig_1, start=4094503, stop=4094573, strand=+, gene=naRNA4, product=Nucleoid-associated noncoding RNA 4 (CssrE), length=71, truncated=None, score=76.6, evalue=2.5e-11, nt=[GGCCGGATAA..TTATCAGGCC]
09:24:43.455 - INFO - NC_RNA - seq=contig_1, start=4094595, stop=4094665, strand=+, gene=naRNA4, product=Nucleoid-associated noncoding RNA 4 (CssrE), length=71, truncated=None, score=76.6, evalue=2.5e-11, nt=[GGCCGGATAA..TTATCAGGCC]
09:24:43.455 - INFO - NC_RNA - seq=contig_1, start=4614361, stop=4614439, strand=+, gene=naRNA4, product=Nucleoid-associated noncoding RNA 4 (CssrE), length=79, truncated=None, score=76.6, evalue=2.5e-11, nt=[GGCCGGATAA..TTATCATGCC]
09:24:43.455 - INFO - NC_RNA - seq=contig_1, start=2347207, stop=2347277, strand=-, gene=naRNA4, product=Nucleoid-associated noncoding RNA 4 (CssrE), length=71, truncated=None, score=76.5, evalue=2.7e-11, nt=[GGCCGGATAA..TTATCAGGCC]
09:24:43.455 - INFO - NC_RNA - seq=contig_1, start=2304646, stop=2304729, strand=+, gene=naRNA4, product=Nucleoid-associated noncoding RNA 4 (CssrE), length=84, truncated=None, score=76.1, evalue=3.1e-11, nt=[GGTCGGATAA..TTATCAGGCC]
09:24:43.455 - INFO - NC_RNA - seq=contig_1, start=2304872, stop=2304955, strand=+, gene=naRNA4, product=Nucleoid-associated noncoding RNA 4 (CssrE), length=84, truncated=None, score=76.1, evalue=3.1e-11, nt=[GGTCGGATAA..TTATCAGGCC]
09:24:43.455 - INFO - NC_RNA - seq=contig_1, start=3392220, stop=3392289, strand=-, gene=naRNA4, product=Nucleoid-associated noncoding RNA 4 (CssrE), length=70, truncated=None, score=76.0, evalue=3.3e-11, nt=[GGTCGGATAA..TTATCAGGCC]
09:24:43.455 - INFO - NC_RNA - seq=contig_1, start=476456, stop=476552, strand=+, gene=Bacteria_small_SRP, product=Bacterial small signal recognition particle RNA, length=97, truncated=None, score=67.7, evalue=3.4e-11, nt=[TGTTGGTTCT..GCTGGCAGGG]
09:24:43.455 - INFO - NC_RNA - seq=contig_1, start=900752, stop=900832, strand=+, gene=naRNA4, product=Nucleoid-associated noncoding RNA 4 (CssrE), length=81, truncated=None, score=75.6, evalue=3.9e-11, nt=[GGCCGGATAA..TTATCAGACC]
09:24:43.455 - INFO - NC_RNA - seq=contig_1, start=3986434, stop=3986582, strand=+, gene=GlmY_tke1, product=Glm Y RNA activator of glmS mRNA, length=149, truncated=None, score=65.5, evalue=4.2e-11, nt=[AGATGCTCAT..GCACCCACTT]
09:24:43.455 - INFO - NC_RNA - seq=contig_1, start=4614260, stop=4614338, strand=+, gene=naRNA4, product=Nucleoid-associated noncoding RNA 4 (CssrE), length=79, truncated=None, score=75.3, evalue=4.3e-11, nt=[GGCCGGATAA..TTATCATGCC]
09:24:43.455 - INFO - NC_RNA - seq=contig_1, start=4053533, stop=4053610, strand=+, gene=naRNA4, product=Nucleoid-associated noncoding RNA 4 (CssrE), length=78, truncated=None, score=75.0, evalue=4.9e-11, nt=[GGCCGGATAA..TTATCAGGCC]
09:24:43.455 - INFO - NC_RNA - seq=contig_1, start=3042395, stop=3042472, strand=+, gene=naRNA4, product=Nucleoid-associated noncoding RNA 4 (CssrE), length=78, truncated=None, score=75.0, evalue=4.9e-11, nt=[GATCGGATAA..TTATCAGGCC]
09:24:43.455 - INFO - NC_RNA - seq=contig_1, start=501447, stop=501524, strand=+, gene=naRNA4, product=Nucleoid-associated noncoding RNA 4 (CssrE), length=78, truncated=None, score=74.3, evalue=6.6e-11, nt=[GGCCAGATAA..TTATCATGCC]
09:24:43.455 - INFO - NC_RNA - seq=contig_1, start=2304759, stop=2304842, strand=+, gene=naRNA4, product=Nucleoid-associated noncoding RNA 4 (CssrE), length=84, truncated=None, score=74.2, evalue=6.9e-11, nt=[GGTTGGATAA..TTATCAGGCC]
09:24:43.455 - INFO - NC_RNA - seq=contig_1, start=244132, stop=244209, strand=+, gene=naRNA4, product=Nucleoid-associated noncoding RNA 4 (CssrE), length=78, truncated=None, score=74.2, evalue=7.1e-11, nt=[GGCCGGATAA..TTATCATGCC]
09:24:43.455 - INFO - NC_RNA - seq=contig_1, start=3722015, stop=3722154, strand=-, gene=sok, product=sok antitoxin (CssrC), length=140, truncated=None, score=69.7, evalue=9.7e-11, nt=[GGGTGCTTGA..TTCCGATATT]
09:24:43.455 - INFO - NC_RNA - seq=contig_1, start=247461, stop=247538, strand=+, gene=naRNA4, product=Nucleoid-associated noncoding RNA 4 (CssrE), length=78, truncated=None, score=73.4, evalue=9.7e-11, nt=[GGACGGATAA..TTATCATGCC]
09:24:43.455 - INFO - NC_RNA - seq=contig_1, start=4235560, stop=4235709, strand=-, gene=STnc430, product=Enterobacterial sRNA STnc430, length=150, truncated=None, score=76.4, evalue=9.8e-11, nt=[AAAAGCAATT..GTTATTAAGG]
09:24:43.455 - INFO - NC_RNA - seq=contig_1, start=2118524, stop=2118594, strand=+, gene=naRNA4, product=Nucleoid-associated noncoding RNA 4 (CssrE), length=71, truncated=None, score=73.0, evalue=1.2e-10, nt=[GGACGGATAA..TTATCAGGCC]
09:24:43.455 - INFO - NC_RNA - seq=contig_1, start=3231301, stop=3231382, strand=-, gene=naRNA4, product=Nucleoid-associated noncoding RNA 4 (CssrE), length=82, truncated=None, score=72.8, evalue=1.2e-10, nt=[GGGCGGATAA..TTATCCGGCC]
09:24:43.455 - INFO - NC_RNA - seq=contig_1, start=2808134, stop=2808211, strand=+, gene=naRNA4, product=Nucleoid-associated noncoding RNA 4 (CssrE), length=78, truncated=None, score=72.3, evalue=1.6e-10, nt=[GGGCGGATAA..TTATCATGCC]
09:24:43.455 - INFO - NC_RNA - seq=contig_1, start=2662359, stop=2662430, strand=-, gene=naRNA4, product=Nucleoid-associated noncoding RNA 4 (CssrE), length=72, truncated=None, score=72.0, evalue=1.8e-10, nt=[GGTCGGATAA..TTATCAGGCC]
09:24:43.455 - INFO - NC_RNA - seq=contig_1, start=2662450, stop=2662521, strand=-, gene=naRNA4, product=Nucleoid-associated noncoding RNA 4 (CssrE), length=72, truncated=None, score=72.0, evalue=1.8e-10, nt=[GGTCGGATAA..TTATCAGGCC]
09:24:43.455 - INFO - NC_RNA - seq=contig_1, start=339904, stop=339973, strand=-, gene=naRNA4, product=Nucleoid-associated noncoding RNA 4 (CssrE), length=70, truncated=None, score=71.8, evalue=1.9e-10, nt=[GGCCGGATAA..TTATCAGGCC]
09:24:43.456 - INFO - NC_RNA - seq=contig_1, start=2568188, stop=2568269, strand=-, gene=naRNA4, product=Nucleoid-associated noncoding RNA 4 (CssrE), length=82, truncated=None, score=71.8, evalue=1.9e-10, nt=[GGGCGGATAA..TTATCCAGCC]
09:24:43.456 - INFO - NC_RNA - seq=contig_1, start=354690, stop=354766, strand=+, gene=naRNA4, product=Nucleoid-associated noncoding RNA 4 (CssrE), length=77, truncated=None, score=71.7, evalue=2.0e-10, nt=[GGTCGGATAA..TTATCAGGCC]
09:24:43.456 - INFO - NC_RNA - seq=contig_1, start=4295911, stop=4295981, strand=+, gene=naRNA4, product=Nucleoid-associated noncoding RNA 4 (CssrE), length=71, truncated=None, score=71.3, evalue=2.3e-10, nt=[GGTCGGATAA..TTATCAGGCC]
09:24:43.456 - INFO - NC_RNA - seq=contig_1, start=4296137, stop=4296207, strand=+, gene=naRNA4, product=Nucleoid-associated noncoding RNA 4 (CssrE), length=71, truncated=None, score=71.3, evalue=2.3e-10, nt=[GGTCGGATAA..TTATCAGGCC]
09:24:43.456 - INFO - NC_RNA - seq=contig_1, start=4296250, stop=4296320, strand=+, gene=naRNA4, product=Nucleoid-associated noncoding RNA 4 (CssrE), length=71, truncated=None, score=71.3, evalue=2.3e-10, nt=[GGTCGGATAA..TTATCAGGCC]
09:24:43.456 - INFO - NC_RNA - seq=contig_1, start=3392311, stop=3392380, strand=-, gene=naRNA4, product=Nucleoid-associated noncoding RNA 4 (CssrE), length=70, truncated=None, score=71.1, evalue=2.5e-10, nt=[GGTCGGATAG..TTATCAGGCC]
09:24:43.456 - INFO - NC_RNA - seq=contig_1, start=4450947, stop=4451025, strand=+, gene=naRNA4, product=Nucleoid-associated noncoding RNA 4 (CssrE), length=79, truncated=None, score=70.2, evalue=3.8e-10, nt=[GGCCGGATAA..TTATCATGCC]
09:24:43.456 - INFO - NC_RNA - seq=contig_1, start=4094411, stop=4094481, strand=+, gene=naRNA4, product=Nucleoid-associated noncoding RNA 4 (CssrE), length=71, truncated=None, score=69.4, evalue=5.3e-10, nt=[GGCCTGATAA..TTATCAGGCC]
09:24:43.456 - INFO - NC_RNA - seq=contig_1, start=4323249, stop=4323329, strand=+, gene=naRNA4, product=Nucleoid-associated noncoding RNA 4 (CssrE), length=81, truncated=None, score=69.2, evalue=5.7e-10, nt=[GGCCGGATAA..TTATCCGACC]
09:24:43.456 - INFO - NC_RNA - seq=contig_1, start=3708275, stop=3708354, strand=+, gene=naRNA4, product=Nucleoid-associated noncoding RNA 4 (CssrE), length=80, truncated=None, score=69.0, evalue=6.1e-10, nt=[GGTCGAATAA..TTATCAGGCC]
09:24:43.456 - INFO - NC_RNA - seq=contig_1, start=1062410, stop=1062488, strand=-, gene=naRNA4, product=Nucleoid-associated noncoding RNA 4 (CssrE), length=79, truncated=None, score=68.9, evalue=6.3e-10, nt=[GGCCGGATAA..TTTTCAGGCG]
09:24:43.456 - INFO - NC_RNA - seq=contig_1, start=3313255, stop=3313325, strand=-, gene=naRNA4, product=Nucleoid-associated noncoding RNA 4 (CssrE), length=71, truncated=None, score=68.2, evalue=8.7e-10, nt=[TGCGGGATAA..TTATCAGGTC]
09:24:43.456 - INFO - NC_RNA - seq=contig_1, start=4245095, stop=4245165, strand=+, gene=naRNA4, product=Nucleoid-associated noncoding RNA 4 (CssrE), length=71, truncated=None, score=67.4, evalue=1.2e-09, nt=[GGACGGATAA..TTATCAGGCC]
09:24:43.456 - INFO - NC_RNA - seq=contig_1, start=3231401, stop=3231482, strand=-, gene=naRNA4, product=Nucleoid-associated noncoding RNA 4 (CssrE), length=82, truncated=None, score=66.8, evalue=1.6e-09, nt=[GGGCGGATAA..TTATCCGACC]
09:24:43.456 - INFO - NC_RNA - seq=contig_1, start=4628698, stop=4628776, strand=+, gene=naRNA4, product=Nucleoid-associated noncoding RNA 4 (CssrE), length=79, truncated=None, score=66.0, evalue=2.1e-09, nt=[GACCGGAAAC..TTATCAGGCC]
09:24:43.456 - INFO - NC_RNA - seq=contig_1, start=2087209, stop=2087283, strand=-, gene=STnc240, product=Enterobacterial sRNA STnc240, length=75, truncated=None, score=68.3, evalue=3.0e-09, nt=[CCCATTTAGG..TATTTTTTGC]
09:24:43.456 - INFO - NC_RNA - seq=contig_1, start=2177411, stop=2177481, strand=-, gene=naRNA4, product=Nucleoid-associated noncoding RNA 4 (CssrE), length=71, truncated=None, score=64.5, evalue=4.0e-09, nt=[GGACGGATAA..TTATCATGCC]
09:24:43.456 - INFO - NC_RNA - seq=contig_1, start=2304420, stop=2304503, strand=+, gene=naRNA4, product=Nucleoid-associated noncoding RNA 4 (CssrE), length=84, truncated=None, score=63.8, evalue=5.4e-09, nt=[GGTCAGACAA..TTATCAGGCC]
09:24:43.456 - INFO - NC_RNA - seq=contig_1, start=2304533, stop=2304616, strand=+, gene=naRNA4, product=Nucleoid-associated noncoding RNA 4 (CssrE), length=84, truncated=None, score=63.8, evalue=5.4e-09, nt=[GGTCAGACAA..TTATCAGGCC]
09:24:43.456 - INFO - NC_RNA - seq=contig_1, start=4296363, stop=4296431, strand=+, gene=naRNA4, product=Nucleoid-associated noncoding RNA 4 (CssrE), length=69, truncated=None, score=63.7, evalue=5.7e-09, nt=[GGTCGGATAA..TTATCAGGCC]
09:24:43.456 - INFO - NC_RNA - seq=contig_1, start=508585, stop=508662, strand=-, gene=naRNA4, product=Nucleoid-associated noncoding RNA 4 (CssrE), length=78, truncated=None, score=63.6, evalue=6.0e-09, nt=[GGCCTGATAA..TTATCCGGCC]
09:24:43.456 - INFO - NC_RNA - seq=contig_1, start=349752, stop=349823, strand=+, gene=naRNA4, product=Nucleoid-associated noncoding RNA 4 (CssrE), length=72, truncated=None, score=63.0, evalue=7.6e-09, nt=[GGTCGGATAA..TTATCAGGCC]
09:24:43.456 - INFO - NC_RNA - seq=contig_1, start=349845, stop=349916, strand=+, gene=naRNA4, product=Nucleoid-associated noncoding RNA 4 (CssrE), length=72, truncated=None, score=63.0, evalue=7.6e-09, nt=[GGTCGGATAA..TTATCAGGCC]
09:24:43.456 - INFO - NC_RNA - seq=contig_1, start=508686, stop=508763, strand=-, gene=naRNA4, product=Nucleoid-associated noncoding RNA 4 (CssrE), length=78, truncated=None, score=62.9, evalue=7.8e-09, nt=[GGCCTGATAA..TTATCCGGCC]
09:24:43.456 - INFO - NC_RNA - seq=contig_1, start=375287, stop=375362, strand=-, gene=naRNA4, product=Nucleoid-associated noncoding RNA 4 (CssrE), length=76, truncated=None, score=62.8, evalue=8.1e-09, nt=[GGCCGGACAA..TTATCAGGCC]
09:24:43.456 - INFO - NC_RNA - seq=contig_1, start=375085, stop=375162, strand=+, gene=naRNA4, product=Nucleoid-associated noncoding RNA 4 (CssrE), length=78, truncated=None, score=62.4, evalue=9.7e-09, nt=[GGCCTGATAA..TTATCCGGCC]
09:24:43.456 - INFO - NC_RNA - seq=contig_1, start=2304985, stop=2305067, strand=+, gene=naRNA4, product=Nucleoid-associated noncoding RNA 4 (CssrE), length=83, truncated=None, score=61.9, evalue=1.2e-08, nt=[GGTTGGATAA..CTTATCAGCA]
09:24:43.456 - INFO - NC_RNA - seq=contig_1, start=375186, stop=375263, strand=+, gene=naRNA4, product=Nucleoid-associated noncoding RNA 4 (CssrE), length=78, truncated=None, score=61.5, evalue=1.4e-08, nt=[GGCCTGATAA..TTATCCGGCC]
09:24:43.456 - INFO - NC_RNA - seq=contig_1, start=3098464, stop=3098534, strand=-, gene=naRNA4, product=Nucleoid-associated noncoding RNA 4 (CssrE), length=71, truncated=None, score=61.0, evalue=1.8e-08, nt=[AGCAGGATGC..TTATCAGACC]
09:24:43.456 - INFO - NC_RNA - seq=contig_1, start=805859, stop=805929, strand=+, gene=naRNA4, product=Nucleoid-associated noncoding RNA 4 (CssrE), length=71, truncated=None, score=60.8, evalue=1.9e-08, nt=[GGCCAGATAA..TTATCCGACC]
09:24:43.456 - INFO - NC_RNA - seq=contig_1, start=2592981, stop=2593057, strand=-, gene=naRNA4, product=Nucleoid-associated noncoding RNA 4 (CssrE), length=77, truncated=None, score=60.6, evalue=2.1e-08, nt=[GGCCTGATAA..TTATCCGGCC]
09:24:43.456 - INFO - NC_RNA - seq=contig_1, start=3150670, stop=3150740, strand=-, gene=naRNA4, product=Nucleoid-associated noncoding RNA 4 (CssrE), length=71, truncated=None, score=60.5, evalue=2.2e-08, nt=[GGCCGGATAA..TTATCAGGCC]
09:24:43.456 - INFO - NC_RNA - seq=contig_1, start=762854, stop=762925, strand=+, gene=naRNA4, product=Nucleoid-associated noncoding RNA 4 (CssrE), length=72, truncated=None, score=59.7, evalue=3.1e-08, nt=[GGTCGGATAA..TTATCAGGCC]
09:24:43.456 - INFO - NC_RNA - seq=contig_1, start=66610, stop=66675, strand=-, gene=naRNA4, product=Nucleoid-associated noncoding RNA 4 (CssrE), length=66, truncated=None, score=59.6, evalue=3.2e-08, nt=[GGCCGGATAA..TTATCAGGCC]
09:24:43.456 - INFO - NC_RNA - seq=contig_1, start=66695, stop=66760, strand=-, gene=naRNA4, product=Nucleoid-associated noncoding RNA 4 (CssrE), length=66, truncated=None, score=59.6, evalue=3.2e-08, nt=[GGCCGGATAA..TTATCAGGCC]
09:24:43.456 - INFO - NC_RNA - seq=contig_1, start=3705997, stop=3706039, strand=+, gene=ES036, product=ES036 (CssrF) sRNA, length=43, truncated=None, score=56.8, evalue=5.1e-08, nt=[AAAATCGTGC..TCGTAGGCCT]
09:24:43.456 - INFO - NC_RNA - seq=contig_1, start=1816219, stop=1816261, strand=+, gene=ES036, product=ES036 (CssrF) sRNA, length=43, truncated=None, score=55.6, evalue=8.4e-08, nt=[AAAACTGTGC..ACGTAGGCCT]
09:24:43.456 - INFO - NC_RNA - seq=contig_1, start=2691155, stop=2691339, strand=-, gene=GlmZ_SraJ, product=GlmZ RNA activator of glmS mRNA, length=185, truncated=None, score=56.2, evalue=9.2e-08, nt=[GTGGCTCATT..GCTTTGTTGT]
09:24:43.456 - INFO - NC_RNA - seq=contig_1, start=1795153, stop=1795311, strand=-, gene=STnc540, product=Enterobacterial sRNA STnc540, length=159, truncated=None, score=55.7, evalue=1.5e-07, nt=[TCAGACCCGG..AACGGATACC]
09:24:43.456 - INFO - NC_RNA - seq=contig_1, start=984395, stop=984437, strand=+, gene=ES036, product=ES036 (CssrF) sRNA, length=43, truncated=None, score=53.1, evalue=2.5e-07, nt=[AAAATCGTGC..GCGTAGGCCT]
09:24:43.456 - INFO - NC_RNA - seq=contig_1, start=4060215, stop=4060283, strand=+, gene=STnc370, product=Enterobacterial sRNA STnc370, length=69, truncated=None, score=55.7, evalue=4.3e-07, nt=[ACCGAAAGAC..TTTTTTTGCC]
09:24:43.456 - INFO - NC_RNA - seq=contig_1, start=2714304, stop=2714346, strand=-, gene=ES036, product=ES036 (CssrF) sRNA, length=43, truncated=None, score=50.0, evalue=9.7e-07, nt=[AAGATCGTGC..ACGTAGGCCT]
09:24:43.456 - INFO - NC_RNA - seq=contig_1, start=4108592, stop=4108633, strand=-, gene=ES036, product=ES036 (CssrF) sRNA, length=42, truncated=None, score=48.3, evalue=2.0e-06, nt=[AAAGTTTGCA..ATGTAGGCCT]
09:24:43.456 - INFO - NC_RNA - seq=contig_1, start=1113438, stop=1113480, strand=-, gene=ES036, product=ES036 (CssrF) sRNA, length=43, truncated=None, score=48.0, evalue=2.3e-06, nt=[AAAGTCTTGC..ATGTAGGCCT]
09:24:43.456 - INFO - NC_RNA - seq=contig_1, start=3070037, stop=3070079, strand=+, gene=ES036, product=ES036 (CssrF) sRNA, length=43, truncated=None, score=47.4, evalue=3.0e-06, nt=[AAAAACCTGC..GTGTAGGCCT]
09:24:43.456 - INFO - NC_RNA - seq=contig_1, start=2945917, stop=2945959, strand=-, gene=ES036, product=ES036 (CssrF) sRNA, length=43, truncated=None, score=46.6, evalue=4.3e-06, nt=[CAAATCATGC..ATGTAGGCCT]
09:24:43.456 - INFO - NC_RNA - seq=contig_1, start=3740985, stop=3741027, strand=-, gene=ES036, product=ES036 (CssrF) sRNA, length=43, truncated=None, score=46.3, evalue=5.0e-06, nt=[AAATTCTTCC..ATGTAGGCCT]
09:24:43.456 - INFO - NC_RNA - seq=contig_1, start=1954463, stop=1954505, strand=+, gene=ES036, product=ES036 (CssrF) sRNA, length=43, truncated=None, score=45.6, evalue=6.6e-06, nt=[AAAACCTTGC..ATGTAGGCCT]
09:24:43.456 - INFO - NC_RNA - seq=contig_1, start=3877620, stop=3877662, strand=+, gene=ES036, product=ES036 (CssrF) sRNA, length=43, truncated=None, score=44.9, evalue=8.8e-06, nt=[AAAATCATGA..TCGTAGGCCT]
09:24:43.456 - INFO - NC_RNA - seq=contig_1, start=815606, stop=815647, strand=-, gene=ES036, product=ES036 (CssrF) sRNA, length=42, truncated=None, score=43.6, evalue=1.6e-05, nt=[AAACCGCGCA..ATGTAGGCCT]
09:24:43.456 - INFO - NC_RNA - seq=contig_1, start=832310, stop=832352, strand=-, gene=ES036, product=ES036 (CssrF) sRNA, length=43, truncated=None, score=43.4, evalue=1.7e-05, nt=[AAAAGCATGC..ACGTAGGCCT]
09:24:43.456 - INFO - NC_RNA - seq=contig_1, start=2002004, stop=2002045, strand=+, gene=ES036, product=ES036 (CssrF) sRNA, length=42, truncated=None, score=43.0, evalue=2.0e-05, nt=[AAATGTGCAA..TTGTAGGCCT]
09:24:43.456 - INFO - NC_RNA - seq=contig_1, start=1823365, stop=1823407, strand=+, gene=ES036, product=ES036 (CssrF) sRNA, length=43, truncated=None, score=43.0, evalue=2.0e-05, nt=[AAAACTATGC..GAATAGGCCT]
09:24:43.456 - INFO - NC_RNA - seq=contig_1, start=899730, stop=899772, strand=+, gene=ES036, product=ES036 (CssrF) sRNA, length=43, truncated=None, score=42.3, evalue=2.7e-05, nt=[AAAAGCGTGC..ATGTAGGCCT]
09:24:43.456 - INFO - NC_RNA - seq=contig_1, start=3639245, stop=3639285, strand=+, gene=ES036, product=ES036 (CssrF) sRNA, length=41, truncated=None, score=42.1, evalue=3.0e-05, nt=[AAACATGCAA..ATGTAGGCCT]
09:24:43.456 - INFO - NC_RNA - seq=contig_1, start=857637, stop=857679, strand=-, gene=ES036, product=ES036 (CssrF) sRNA, length=43, truncated=None, score=41.7, evalue=3.6e-05, nt=[AAAGTCCTGC..GCGTAGGCCT]
09:24:43.456 - INFO - NC_RNA - seq=contig_1, start=699459, stop=699501, strand=+, gene=ES036, product=ES036 (CssrF) sRNA, length=43, truncated=None, score=41.2, evalue=4.5e-05, nt=[AAAAGCATGA..GCGTAGGCCT]
09:24:43.456 - INFO - NC_RNA - seq=contig_1, start=2538569, stop=2538611, strand=+, gene=ES036, product=ES036 (CssrF) sRNA, length=43, truncated=None, score=41.0, evalue=4.8e-05, nt=[AAAATCGTGC..TTGTAGGCCT]
09:24:43.456 - INFO - NC_RNA - seq=contig_1, start=610138, stop=610179, strand=-, gene=ES036, product=ES036 (CssrF) sRNA, length=42, truncated=None, score=40.6, evalue=5.7e-05, nt=[AAAATCTTGC..ATGTAGGCCT]
09:24:43.456 - INFO - NC_RNA - seq=contig_1, start=4127986, stop=4128027, strand=+, gene=ES036, product=ES036 (CssrF) sRNA, length=42, truncated=None, score=39.7, evalue=8.5e-05, nt=[AAGTTCGTGC..ACGTAGGCCT]
09:24:43.456 - INFO - NC_RNA - seq=contig_1, start=4441414, stop=4441456, strand=-, gene=ES036, product=ES036 (CssrF) sRNA, length=43, truncated=None, score=39.4, evalue=9.6e-05, nt=[AAAATCGTCC..GCGTAGGCCT]
09:24:43.456 - INFO - NC_RNA - predicted=232
09:24:47.286 - INFO - NC_RNA_REGION - seq=contig_1, start=3719889, stop=3720316, strand=+, label=cspA, product=cspA thermoregulator, length=428, truncated=None, score=500.9, evalue=4.5e-54
09:24:47.286 - INFO - NC_RNA_REGION - seq=contig_1, start=2704009, stop=2704223, strand=-, label=rncO, product=rncO, length=215, truncated=None, score=258.9, evalue=6.3e-40
09:24:47.286 - INFO - NC_RNA_REGION - seq=contig_1, start=1144392, stop=1144728, strand=-, label=rne5, product=RNase E 5' UTR element, length=337, truncated=None, score=260.1, evalue=5.0e-35
09:24:47.286 - INFO - NC_RNA_REGION - seq=contig_1, start=2661533, stop=2661642, strand=-, label=iscRS, product=iscR stability element, length=110, truncated=None, score=138.1, evalue=4.1e-27
09:24:47.286 - INFO - NC_RNA_REGION - seq=contig_1, start=83573, stop=83722, strand=-, label=Leu_leader, product=Leucine operon leader, length=150, truncated=None, score=145.9, evalue=3.9e-25
09:24:47.286 - INFO - NC_RNA_REGION - seq=contig_1, start=779489, stop=779627, strand=+, label=CpoB_ybgF_thermometer, product=CpoB/ybgF ICR thermometer, length=139, truncated=None, score=142.3, evalue=1.8e-24
09:24:47.286 - INFO - NC_RNA_REGION - seq=contig_1, start=4425036, stop=4425120, strand=+, label=RpsF_leader, product=RpsF leader, length=85, truncated=None, score=110.2, evalue=1.3e-22
09:24:47.286 - INFO - NC_RNA_REGION - seq=contig_1, start=191, stop=310, strand=+, label=Thr_leader, product=Threonine operon leader, length=120, truncated=None, score=122.2, evalue=1.2e-21
09:24:47.286 - INFO - NC_RNA_REGION - seq=contig_1, start=2737598, stop=2737723, strand=+, label=Phe_leader, product=Phenylalanine leader peptide, length=126, truncated=None, score=132.4, evalue=1.4e-21
09:24:47.286 - INFO - NC_RNA_REGION - seq=contig_1, start=1287066, stop=1287197, strand=-, label=RtT, product=RtT RNA, length=132, truncated=None, score=137.6, evalue=2.0e-21
09:24:47.286 - INFO - NC_RNA_REGION - seq=contig_1, start=644013, stop=644121, strand=-, label=rnk_leader, product=Enterobacteria rnk leader, length=109, truncated=None, score=124.8, evalue=2.9e-21
09:24:47.286 - INFO - NC_RNA_REGION - seq=contig_1, start=2090022, stop=2090145, strand=+, label=His_leader, product=Histidine operon leader, length=124, truncated=None, score=131.7, evalue=5.7e-21
09:24:47.286 - INFO - NC_RNA_REGION - seq=contig_1, start=1286710, stop=1286841, strand=-, label=RtT, product=RtT RNA, length=132, truncated=None, score=134.2, evalue=7.6e-21
09:24:47.286 - INFO - NC_RNA_REGION - seq=contig_1, start=4467416, stop=4467531, strand=+, label=Magnesium-II, product=Magnesium riboswitch aptamer (Magnesium responsive RNA element), length=116, truncated=None, score=125.9, evalue=7.7e-21
09:24:47.286 - INFO - NC_RNA_REGION - seq=contig_1, start=1286888, stop=1287019, strand=-, label=RtT, product=RtT RNA, length=132, truncated=None, score=133.9, evalue=8.6e-21
09:24:47.286 - INFO - NC_RNA_REGION - seq=contig_1, start=1287363, stop=1287494, strand=-, label=RtT, product=RtT RNA, length=132, truncated=None, score=133.0, evalue=1.2e-20
09:24:47.286 - INFO - NC_RNA_REGION - seq=contig_1, start=3184570, stop=3184718, strand=-, label=FMN, product=FMN riboswitch aptamer (RFN element), length=149, truncated=None, score=120.8, evalue=2.7e-20
09:24:47.286 - INFO - NC_RNA_REGION - seq=contig_1, start=3328811, stop=3328932, strand=-, label=greA, product=Enterobacteria greA leader, length=122, truncated=None, score=127.3, evalue=2.6e-19
09:24:47.286 - INFO - NC_RNA_REGION - seq=contig_1, start=3950248, stop=3950540, strand=+, label=Rev39_5p_UTR, product=Soft rot Enterobacteriaceae Rev 39 5'UTR, length=293, truncated=None, score=157.4, evalue=4.9e-19
09:24:47.286 - INFO - NC_RNA_REGION - seq=contig_1, start=1004700, stop=1004773, strand=+, label=PyrD_leader, product=PyrD leader, length=74, truncated=None, score=98.0, evalue=3.8e-18
09:24:47.286 - INFO - NC_RNA_REGION - seq=contig_1, start=816912, stop=817056, strand=+, label=Molybdenum, product=Molybdenum/Tungsten riboswitch aptamer (Moco RNA motif), length=145, truncated=None, score=103.7, evalue=5.4e-18
09:24:47.287 - INFO - NC_RNA_REGION - seq=contig_1, start=1051305, stop=1051727, strand=+, label=cspA, product=cspA thermoregulator, length=423, truncated=None, score=158.2, evalue=5.7e-18
09:24:47.287 - INFO - NC_RNA_REGION - seq=contig_1, start=1641297, stop=1641715, strand=-, label=cspA, product=cspA thermoregulator, length=419, truncated=None, score=158.1, evalue=5.9e-18
09:24:47.287 - INFO - NC_RNA_REGION - seq=contig_1, start=3311628, stop=3311742, strand=-, label=S15, product=Ribosomal S15 leader, length=115, truncated=None, score=117.7, evalue=8.2e-18
09:24:47.287 - INFO - NC_RNA_REGION - seq=contig_1, start=493356, stop=493420, strand=+, label=DnaX, product=DnaX ribosomal frameshifting element, length=65, truncated=None, score=96.9, evalue=1.1e-16
09:24:47.287 - INFO - NC_RNA_REGION - seq=contig_1, start=3867416, stop=3867488, strand=-, label=ROSE_2, product=Repression of heat shock gene expression (ROSE) element, length=73, truncated=None, score=100.5, evalue=1.6e-16
09:24:47.287 - INFO - NC_RNA_REGION - seq=contig_1, start=3318024, stop=3318124, strand=-, label=rimP, product=Gammaprotebacteria rimP leader, length=101, truncated=None, score=102.1, evalue=1.0e-15
09:24:47.287 - INFO - NC_RNA_REGION - seq=contig_1, start=1322968, stop=1323061, strand=-, label=Trp_leader, product=Tryptophan operon leader, length=94, truncated=None, score=93.2, evalue=1.2e-15
09:24:47.287 - INFO - NC_RNA_REGION - seq=contig_1, start=3708448, stop=3708581, strand=-, label=RtT, product=RtT RNA, length=134, truncated=None, score=101.4, evalue=2.8e-15
09:24:47.287 - INFO - NC_RNA_REGION - seq=contig_1, start=3442439, stop=3442550, strand=-, label=Alpha_RBS, product=Alpha operon ribosome binding site, length=112, truncated=None, score=102.8, evalue=3.2e-15
09:24:47.287 - INFO - NC_RNA_REGION - seq=contig_1, start=4163384, stop=4163573, strand=+, label=Cobalamin, product=Cobalamin riboswitch aptamer, length=190, truncated=None, score=86.5, evalue=9.9e-15
09:24:47.287 - INFO - NC_RNA_REGION - seq=contig_1, start=1907185, stop=1907611, strand=-, label=cspA, product=cspA thermoregulator, length=427, truncated=None, score=126.8, evalue=1.2e-14
09:24:47.287 - INFO - NC_RNA_REGION - seq=contig_1, start=4298900, stop=4298954, strand=-, label=SECIS_2, product=Selenocysteine insertion sequence 2, length=55, truncated=None, score=87.3, evalue=1.6e-14
09:24:47.287 - INFO - NC_RNA_REGION - seq=contig_1, start=4233325, stop=4233521, strand=-, label=Lysine, product=Lysine riboswitch aptamer, length=197, truncated=None, score=99.4, evalue=2.0e-14
09:24:47.287 - INFO - NC_RNA_REGION - seq=contig_1, start=657122, stop=657549, strand=+, label=cspA, product=cspA thermoregulator, length=428, truncated=None, score=122.0, evalue=3.8e-14
09:24:47.287 - INFO - NC_RNA_REGION - seq=contig_1, start=2122984, stop=2123033, strand=-, label=algC, product=algC RNA, length=50, truncated=None, score=76.7, evalue=1.1e-13
09:24:47.287 - INFO - NC_RNA_REGION - seq=contig_1, start=180844, stop=180889, strand=+, label=HtrA_thermometer, product=HtrA 5' UTR thermometer, length=46, truncated=None, score=77.2, evalue=2.1e-13
09:24:47.287 - INFO - NC_RNA_REGION - seq=contig_1, start=1547983, stop=1548041, strand=+, label=SECIS_3, product=Selenocysteine insertion sequence 3, length=59, truncated=None, score=84.4, evalue=2.3e-13
09:24:47.287 - INFO - NC_RNA_REGION - seq=contig_1, start=4085182, stop=4085240, strand=-, label=SECIS_3, product=Selenocysteine insertion sequence 3, length=59, truncated=None, score=84.4, evalue=2.3e-13
09:24:47.287 - INFO - NC_RNA_REGION - seq=contig_1, start=1638428, stop=1638813, strand=-, label=cspA, product=cspA thermoregulator, length=386, truncated=None, score=112.0, evalue=4.2e-13
09:24:47.287 - INFO - NC_RNA_REGION - seq=contig_1, start=2224875, stop=2224955, strand=-, label=Peptidase-S11, product=Peptidase-S11 RNA, length=81, truncated=None, score=72.9, evalue=5.1e-13
09:24:47.287 - INFO - NC_RNA_REGION - seq=contig_1, start=2113137, stop=2113175, strand=-, label=JUMPstart, product=JUMPstart RNA, length=39, truncated=None, score=60.1, evalue=1.4e-12
09:24:47.287 - INFO - NC_RNA_REGION - seq=contig_1, start=4196180, stop=4196280, strand=-, label=TPP, product=TPP riboswitch aptamer (THI element), length=101, truncated=None, score=74.7, evalue=3.2e-12
09:24:47.287 - INFO - NC_RNA_REGION - seq=contig_1, start=2137422, stop=2137460, strand=-, label=JUMPstart, product=JUMPstart RNA, length=39, truncated=None, score=57.4, evalue=5.7e-12
09:24:47.287 - INFO - NC_RNA_REGION - seq=contig_1, start=3965691, stop=3965790, strand=+, label=TrxA_thermometer, product=TrxA 5' UTR thermometer, length=100, truncated=None, score=76.6, evalue=6.4e-12
09:24:47.287 - INFO - NC_RNA_REGION - seq=contig_1, start=3808182, stop=3808220, strand=-, label=JUMPstart, product=JUMPstart RNA, length=39, truncated=None, score=55.4, evalue=1.6e-11
09:24:47.287 - INFO - NC_RNA_REGION - seq=contig_1, start=2185336, stop=2185432, strand=-, label=TPP, product=TPP riboswitch aptamer (THI element), length=97, truncated=None, score=71.1, evalue=1.6e-11
09:24:47.287 - INFO - NC_RNA_REGION - seq=contig_1, start=1799152, stop=1799276, strand=-, label=Phe_leader, product=Phenylalanine leader peptide, length=125, truncated=None, score=74.6, evalue=6.2e-11
09:24:47.287 - INFO - NC_RNA_REGION - seq=contig_1, start=75511, stop=75610, strand=-, label=TPP, product=TPP riboswitch aptamer (THI element), length=100, truncated=None, score=65.6, evalue=2.1e-10
09:24:47.287 - INFO - NC_RNA_REGION - seq=contig_1, start=1122608, stop=1122657, strand=-, label=PyrC_leader, product=PyrC leader, length=50, truncated=None, score=68.8, evalue=3.1e-10
09:24:47.287 - INFO - NC_RNA_REGION - seq=contig_1, start=4122285, stop=4122342, strand=-, label=ClpQY_promoter, product=ClpQY promoter, length=58, truncated=None, score=63.7, evalue=1.2e-08
09:24:47.287 - INFO - NC_RNA_REGION - seq=contig_1, start=4126954, stop=4127006, strand=+, label=L31-Gammaproteobacteria, product=L31-Gammaproteobacteria ribosomal protein leader, length=53, truncated=None, score=60.2, evalue=1.5e-08
09:24:47.287 - INFO - NC_RNA_REGION - seq=contig_1, start=2282470, stop=2282495, strand=+, label=L25-Gammaproteobacteria, product=L25-Gammaproteobacteria ribosomal protein leader, length=26, truncated=None, score=47.0, evalue=1.9e-08
09:24:47.287 - INFO - NC_RNA_REGION - seq=contig_1, start=2400173, stop=2400215, strand=-, label=nuoG, product=nuoG RNA, length=43, truncated=None, score=50.3, evalue=9.7e-08
09:24:47.287 - INFO - NC_RNA_REGION - seq=contig_1, start=4376811, stop=4376857, strand=+, label=Guanidine-II, product=Guanidine-II riboswitch aptamer (mini-ykkC), length=47, truncated=None, score=50.6, evalue=5.9e-07
09:24:47.287 - INFO - NC_RNA_REGION - seq=contig_1, start=2521359, stop=2521484, strand=+, label=RtT, product=RtT RNA, length=126, truncated=None, score=47.0, evalue=4.7e-06
09:24:47.287 - INFO - NC_RNA_REGION - seq=contig_1, start=781683, stop=781808, strand=+, label=RtT, product=RtT RNA, length=126, truncated=None, score=46.4, evalue=5.9e-06
09:24:47.287 - INFO - NC_RNA_REGION - predicted=57
09:24:47.855 - INFO - CRISPR - seq=contig_1, start=2877884, stop=2878473, spacer-length=32, repeat-length=29, # repeats=10, repeat-consensus=CGGTTTATCCCCGCTGGCGCGGGGAACTC, nt=[CGGTTTATCC..TCTAAAAGTA]
09:24:47.855 - INFO - CRISPR - seq=contig_1, start=2904014, stop=2904417, spacer-length=33, repeat-length=28, # repeats=7, repeat-consensus=GGTTTATCCCCGCTGGCGCGGGGAACAC, nt=[GGTTTATCCC..TCTAAACATA]
09:24:47.855 - INFO - CRISPR - predicted=2
09:24:49.174 - INFO - S_ORF - predicted=56619
09:24:49.373 - INFO - S_ORF - sORF filter: # valid=56104, # discarded=515
09:24:49.550 - INFO - ORF - discard spurious: seq=contig_1, start=3705976, stop=3706062, strand=-, homology=Spurious_ORF_64, evalue=1.3e-15, bitscore=58.521477
09:24:49.550 - INFO - ORF - discard spurious: seq=contig_1, start=339842, stop=339931, strand=-, homology=Spurious_ORF_64, evalue=2.6e-11, bitscore=44.809246
09:24:49.550 - INFO - ORF - discard spurious: seq=contig_1, start=3330434, stop=3330514, strand=-, homology=Spurious_ORF_64, evalue=1.7e-08, bitscore=35.804310
09:24:49.551 - INFO - ORF - discard spurious: seq=contig_1, start=2945894, stop=2945962, strand=+, homology=Spurious_ORF_64, evalue=4.3e-08, bitscore=34.510086
09:24:49.551 - INFO - ORF - discard spurious: seq=contig_1, start=4295833, stop=4295898, strand=+, homology=Spurious_ORF_64, evalue=5.1e-08, bitscore=34.258530
09:24:49.551 - INFO - ORF - discard spurious: seq=contig_1, start=3150705, stop=3150764, strand=-, homology=Spurious_ORF_64, evalue=1.2e-07, bitscore=33.099022
09:24:49.551 - INFO - ORF - discard spurious: seq=contig_1, start=2538578, stop=2538649, strand=-, homology=Spurious_ORF_64, evalue=4.8e-07, bitscore=31.136463
09:24:49.551 - INFO - ORF - discard spurious: seq=contig_1, start=2654968, stop=2655036, strand=+, homology=Spurious_ORF_64, evalue=6.8e-07, bitscore=30.657898
09:24:49.551 - INFO - ORF - discard spurious: seq=contig_1, start=3592541, stop=3592618, strand=-, homology=Spurious_ORF_64, evalue=7.6e-07, bitscore=30.509109
09:24:49.551 - INFO - ORF - discard spurious: seq=contig_1, start=3150619, stop=3150690, strand=-, homology=Spurious_ORF_64, evalue=8.6e-07, bitscore=30.332258
09:24:49.551 - INFO - ORF - discard spurious: seq=contig_1, start=4470402, stop=4470485, strand=-, homology=Spurious_ORF_64, evalue=8.8e-07, bitscore=30.306877
09:24:49.567 - INFO - ORF - discard spurious: seq=contig_1, start=2733530, stop=2733601, strand=+, homology=Spurious_ORF_122, evalue=2.8e-09, bitscore=38.846512
09:24:49.570 - INFO - ORF - discard spurious: seq=contig_1, start=728278, stop=728358, strand=+, homology=Spurious_ORF_126, evalue=8.2e-09, bitscore=37.204971
09:24:49.594 - INFO - ORF - discard spurious: seq=contig_1, start=4184502, stop=4184570, strand=-, homology=Spurious_ORF_170, evalue=7.0e-09, bitscore=36.844276
09:24:49.633 - INFO - ORF - discarded=14
09:24:51.387 - INFO - UPS - looked-up=0
09:24:51.400 - INFO - IPS - looked-up=0
09:24:51.400 - INFO - ORF - write internal aa seqs: # seqs=56090, path=/tmp/tmpbt3hvwa0/sorf.faa
09:24:51.527 - INFO - S_ORF - homology: seq=contig_1, start=4556907, stop=4556996, strand=+, aa-length=29, query-cov=0.931, subject-cov=1.000, identity=1.000, score=57.8, evalue=1.9e-17, UniRef=P0DPC6
09:24:51.527 - INFO - S_ORF - homology: seq=contig_1, start=4332116, stop=4332205, strand=+, aa-length=29, query-cov=1.000, subject-cov=1.000, identity=1.000, score=56.2, evalue=7.9e-17, UniRef=G3MTW7
09:24:51.527 - INFO - S_ORF - homology: seq=contig_1, start=4556913, stop=4556996, strand=+, aa-length=27, query-cov=1.000, subject-cov=1.000, identity=1.000, score=58.2, evalue=1.2e-17, UniRef=P0DPC6
09:24:51.527 - INFO - S_ORF - homology: seq=contig_1, start=1671777, stop=1671860, strand=+, aa-length=27, query-cov=1.000, subject-cov=1.000, identity=1.000, score=48.9, evalue=5.6e-14, UniRef=A5A617
09:24:51.527 - INFO - S_ORF - homology: seq=contig_1, start=408947, stop=409030, strand=+, aa-length=27, query-cov=1.000, subject-cov=1.000, identity=0.963, score=52.8, evalue=1.7e-15, UniRef=A0A5F1WY27
09:24:51.527 - INFO - S_ORF - homology: seq=contig_1, start=3307853, stop=3307933, strand=-, aa-length=26, query-cov=1.000, subject-cov=1.000, identity=1.000, score=57.8, evalue=1.6e-17, UniRef=C1P618
09:24:51.527 - INFO - S_ORF - homology: seq=contig_1, start=3884026, stop=3884106, strand=+, aa-length=26, query-cov=1.000, subject-cov=1.000, identity=1.000, score=60.1, evalue=2.0e-18, UniRef=P0DPP8
09:24:51.527 - INFO - S_ORF - homology: seq=contig_1, start=1878874, stop=1878948, strand=+, aa-length=24, query-cov=1.000, subject-cov=1.000, identity=0.917, score=46.2, evalue=5.6e-13, UniRef=A0A2S4RZ34
09:24:51.527 - INFO - S_ORF - homology: seq=contig_1, start=3032939, stop=3033010, strand=-, aa-length=23, query-cov=1.000, subject-cov=1.000, identity=1.000, score=50.8, evalue=7.8e-15, UniRef=P0DPP4
09:24:51.527 - INFO - S_ORF - homology: seq=contig_1, start=1946115, stop=1946180, strand=-, aa-length=21, query-cov=1.000, subject-cov=1.000, identity=1.000, score=41.6, evalue=3.2e-11, UniRef=C1P604
09:24:51.527 - INFO - S_ORF - homology: seq=contig_1, start=1638188, stop=1638253, strand=-, aa-length=21, query-cov=1.000, subject-cov=1.000, identity=1.000, score=46.2, evalue=4.8e-13, UniRef=P0DPO9
09:24:51.527 - INFO - S_ORF - homology: seq=contig_1, start=850332, stop=850397, strand=+, aa-length=21, query-cov=1.000, subject-cov=1.000, identity=1.000, score=51.6, evalue=3.5e-15, UniRef=P0DPN6
09:24:51.527 - INFO - S_ORF - homology: seq=contig_1, start=176552, stop=176617, strand=+, aa-length=21, query-cov=1.000, subject-cov=1.000, identity=1.000, score=45.8, evalue=6.8e-13, UniRef=P0DPM7
09:24:51.527 - INFO - S_ORF - homology: seq=contig_1, start=2087052, stop=2087114, strand=-, aa-length=20, query-cov=1.000, subject-cov=1.000, identity=1.000, score=44.7, evalue=1.9e-12, UniRef=C1P606
09:24:51.527 - INFO - S_ORF - homology: seq=contig_1, start=2153349, stop=2153408, strand=-, aa-length=19, query-cov=1.000, subject-cov=1.000, identity=1.000, score=31.6, evalue=2.7e-07, UniRef=C1P607
09:24:51.527 - INFO - S_ORF - homology: seq=contig_1, start=2590807, stop=2590866, strand=-, aa-length=19, query-cov=1.000, subject-cov=1.000, identity=0.947, score=40.8, evalue=5.9e-11, UniRef=A0A6L6IIE5
09:24:51.527 - INFO - S_ORF - homology: seq=contig_1, start=3195141, stop=3195200, strand=+, aa-length=19, query-cov=1.000, subject-cov=1.000, identity=0.947, score=28.5, evalue=4.3e-06, UniRef=A0A024LAN1
09:24:51.527 - INFO - S_ORF - homology: seq=contig_1, start=3194766, stop=3194825, strand=+, aa-length=19, query-cov=1.000, subject-cov=1.000, identity=1.000, score=28.1, evalue=6.1e-06, UniRef=C1P616
09:24:51.527 - INFO - S_ORF - homology: seq=contig_1, start=2153349, stop=2153405, strand=-, aa-length=18, query-cov=1.000, subject-cov=0.947, identity=1.000, score=30.0, evalue=1.0e-06, UniRef=C1P607
09:24:51.527 - INFO - S_ORF - homology: seq=contig_1, start=3195144, stop=3195200, strand=+, aa-length=18, query-cov=1.000, subject-cov=0.947, identity=0.944, score=26.9, evalue=1.7e-05, UniRef=A0A024LAN1
09:24:51.527 - INFO - S_ORF - homology: seq=contig_1, start=3194769, stop=3194825, strand=+, aa-length=18, query-cov=1.000, subject-cov=0.947, identity=1.000, score=26.6, evalue=2.3e-05, UniRef=C1P616
09:24:51.527 - INFO - S_ORF - homology: seq=contig_1, start=4392892, stop=4392945, strand=+, aa-length=17, query-cov=1.000, subject-cov=1.000, identity=1.000, score=38.5, evalue=4.4e-10, UniRef=C1P621
09:24:51.527 - INFO - S_ORF - homology: seq=contig_1, start=3950507, stop=3950557, strand=+, aa-length=16, query-cov=1.000, subject-cov=1.000, identity=1.000, score=38.1, evalue=6.0e-10, UniRef=C1P619
09:24:51.529 - INFO - S_ORF - found=23
09:24:51.530 - INFO - PSC - looked-up=0
09:24:51.532 - INFO - PSCC - looked-up=23
09:24:51.543 - INFO - ANNOTATION - fix gene: extract symbol from protein name. symbol=yoaJ
09:24:51.543 - INFO - ANNOTATION - fix gene: extract symbol from protein name. symbol=ysdD
09:24:51.543 - INFO - ANNOTATION - fix gene: extract symbol from protein name. symbol=yjeV
09:24:51.543 - INFO - ANNOTATION - fix gene: extract symbol from protein name. symbol=yadW
09:24:51.543 - INFO - ANNOTATION - fix gene: extract symbol from protein name. symbol=ilvX
09:24:51.543 - INFO - ANNOTATION - fix gene: extract symbol from protein name. symbol=pmrR
09:24:51.543 - INFO - ANNOTATION - fix gene: extract symbol from protein name. symbol=yliM
09:24:51.543 - INFO - ANNOTATION - fix gene: extract symbol from protein name. symbol=ydgU
09:24:51.543 - INFO - ANNOTATION - fix gene: extract symbol from protein name. symbol=ibsD
09:24:51.543 - INFO - ANNOTATION - fix gene: extract symbol from protein name. symbol=ibsD
09:24:51.543 - INFO - ANNOTATION - fix gene: extract symbol from protein name. symbol=iraD
09:24:51.543 - INFO - ANNOTATION - fix gene: extract symbol from protein name. symbol=iraD
09:24:51.543 - INFO - ANNOTATION - fix gene: extract symbol from protein name. symbol=yrbN
09:24:51.543 - INFO - ANNOTATION - fix gene: extract symbol from protein name. symbol=yqfH
09:24:51.543 - INFO - ANNOTATION - fix gene: extract symbol from protein name. symbol=ynfR
09:24:51.543 - INFO - ANNOTATION - fix gene: extract symbol from protein name. symbol=ypfM
09:24:51.543 - INFO - ANNOTATION - fix gene: extract symbol from protein name. symbol=ibsA
09:24:51.543 - INFO - ANNOTATION - fix gene: extract symbol from protein name. symbol=ibsA
09:24:51.543 - INFO - ANNOTATION - fix gene: extract symbol from protein name. symbol=yoeI
09:24:51.543 - INFO - ANNOTATION - fix gene: extract symbol from protein name. symbol=yobI
09:24:52.242 - INFO - ORI - type=oriC, seq=contig_1, start=3883730, stop=3884335, nt=[GGCGGACTCC..AGAAATCGCC]
09:24:52.243 - INFO - ORI - type=oriC, seq=contig_1, start=3925634, stop=3926005, nt=[GGTGATTGCC..CGCACGATCT]
09:24:52.258 - INFO - ORI - predicted=2
09:24:52.365 - INFO - ORI - predicted=0
09:24:52.365 - INFO - ANNOTATION - overlap: tRNA (tRNA-Xxx) [2755859, 2755955] overlapping with tmRNA (transfer-messenger RNA, SsrA) [2755593, 2755955] at [2755859,2755955] on seq=contig_1
09:24:52.366 - INFO - ANNOTATION - overlap: sORF (ibsD/Small toxic protein IbsD) [3194769, 3194825] overlapping sORF (ibsD/Small toxic protein IbsD) [3194766, 3194825], [3194769,3194825], seq=contig_1, equal annotation score (0), lower length (18/19)
09:24:52.366 - INFO - ANNOTATION - overlap: sORF (None/Type I toxin-antitoxin system Ibs family toxin) [3195144, 3195200] overlapping sORF (None/Type I toxin-antitoxin system Ibs family toxin) [3195141, 3195200], [3195144,3195200], seq=contig_1, equal annotation score (0), lower length (18/19)
09:24:52.366 - INFO - ANNOTATION - overlap: sORF (iraD/iraD leader peptide) [4556913, 4556996] overlapping sORF (iraD/iraD leader peptide) [4556907, 4556996], [4556913,4556996], seq=contig_1, equal annotation score (0), lower length (27/29)
09:24:52.366 - INFO - ANNOTATION - overlap: sORF (ibsA/Small toxic protein IbsA) [2153349, 2153405] overlapping sORF (ibsA/Small toxic protein IbsA) [2153349, 2153408], [2153349,2153405], seq=contig_1, equal annotation score (0), lower length (18/19)
09:24:52.371 - INFO - UTILS - generated sequence tag prefix: prefix=KOIAIBGKKO, length=10, MD5=482A2B04485EC8C4B5F4EABA2C2002DA
09:24:52.371 - INFO - MAIN - selected features=422
09:24:52.376 - INFO - UTILS - generated sequence tag prefix: prefix=KOIAIB, length=6, MD5=482A2B04485EC8C4B5F4EABA2C2002DA
09:24:52.376 - INFO - MAIN - locus tag prefix=KOIAIB
09:24:52.376 - INFO - UTILS - genome-size=4641652
09:24:52.394 - INFO - UTILS - GC=0.508
09:24:52.394 - INFO - UTILS - N=0.000
09:24:52.394 - INFO - UTILS - N50=4641652
09:24:52.394 - INFO - UTILS - N90=4641652
09:24:52.394 - INFO - UTILS - coding-ratio=0.016
09:24:52.394 - INFO - TSV - write feature tsv: path=/msm_data/4bf8c3df2cd602f873f09dbb3cec91/bakta_out/bakta.tsv
09:24:52.395 - INFO - GFF - write features: path=/msm_data/4bf8c3df2cd602f873f09dbb3cec91/bakta_out/bakta.gff3
09:24:52.404 - INFO - INSDC - write GenBank: path=/msm_data/4bf8c3df2cd602f873f09dbb3cec91/bakta_out/bakta.gbff
09:24:52.464 - INFO - INSDC - write EMBL: path=/msm_data/4bf8c3df2cd602f873f09dbb3cec91/bakta_out/bakta.embl
09:24:52.574 - INFO - FASTA - write genome sequences: path=/msm_data/4bf8c3df2cd602f873f09dbb3cec91/bakta_out/bakta.fna, description=True, wrap=True
09:24:52.579 - INFO - FASTA - write feature nucleotide sequences: path=/msm_data/4bf8c3df2cd602f873f09dbb3cec91/bakta_out/bakta.ffn
09:24:52.580 - INFO - FASTA - write translated CDS/sORF: path=/msm_data/4bf8c3df2cd602f873f09dbb3cec91/bakta_out/bakta.faa
09:24:52.580 - INFO - TSV - write tsv: path=/msm_data/4bf8c3df2cd602f873f09dbb3cec91/bakta_out/bakta.inference.tsv
09:24:53.410 - INFO - JSON - write JSON: path=/msm_data/4bf8c3df2cd602f873f09dbb3cec91/bakta_out/bakta.json
09:24:53.430 - INFO - MAIN - removed tmp dir: /tmp/tmpbt3hvwa0
